../Drivers/CMSIS/Include/core_cm4.h:2059:26:ITM_SendChar	16	static,ignoring_inline_asm
../Core/Src/main.c:92:5:main	8	static
../Core/Src/main.c:196:6:SystemClock_Config	96	static
../Core/Src/main.c:246:13:MX_I2C1_Init	8	static
../Core/Src/main.c:294:13:MX_TIM2_Init	72	static
../Core/Src/main.c:368:13:MX_USART2_UART_Init	8	static
../Core/Src/main.c:403:13:MX_GPIO_Init	48	static
../Core/Src/main.c:438:5:_write	32	static
../Core/Src/main.c:450:6:log_data_uart	232	static
../Core/Src/main.c:462:6:Error_Handler	4	static,ignoring_inline_asm
