../Drivers/CMSIS/Include/core_cm4.h:2059:26:ITM_SendChar	16	static,ignoring_inline_asm
../Core/Src/main.c:113:5:main	8	static
../Core/Src/main.c:240:6:SystemClock_Config	96	static
../Core/Src/main.c:290:13:MX_I2C1_Init	8	static
../Core/Src/main.c:338:13:MX_TIM1_Init	112	static
../Core/Src/main.c:430:13:MX_TIM2_Init	72	static
../Core/Src/main.c:505:13:MX_TIM3_Init	72	static
../Core/Src/main.c:580:13:MX_TIM4_Init	72	static
../Core/Src/main.c:655:13:MX_TIM5_Init	72	static
../Core/Src/main.c:730:13:MX_USART2_UART_Init	8	static
../Core/Src/main.c:765:13:MX_GPIO_Init	48	static
../Core/Src/main.c:800:5:_write	32	static
../Core/Src/main.c:812:6:log_data_uart	232	static
../Core/Src/main.c:836:6:HAL_TIM_IC_CaptureCallback	24	static
../Core/Src/main.c:868:6:Error_Handler	4	static,ignoring_inline_asm
