Archive member included to satisfy reference by file (symbol)

/Users/benjamincastin/Library/Application Support/Code/User/globalStorage/bmd.stm32-for-vscode/@xpack-dev-tools/arm-none-eabi-gcc/14.2.1-1.1.1/.content/bin/../lib/gcc/arm-none-eabi/14.2.1/../../../../arm-none-eabi/lib/thumb/v7e-m+fp/hard/libc_nano.a(libc_a-atexit.o)
                              /Users/benjamincastin/Library/Application Support/Code/User/globalStorage/bmd.stm32-for-vscode/@xpack-dev-tools/arm-none-eabi-gcc/14.2.1-1.1.1/.content/bin/../lib/gcc/arm-none-eabi/14.2.1/../../../../arm-none-eabi/lib/thumb/v7e-m+fp/hard/crt0.o (atexit)
/Users/benjamincastin/Library/Application Support/Code/User/globalStorage/bmd.stm32-for-vscode/@xpack-dev-tools/arm-none-eabi-gcc/14.2.1-1.1.1/.content/bin/../lib/gcc/arm-none-eabi/14.2.1/../../../../arm-none-eabi/lib/thumb/v7e-m+fp/hard/libc_nano.a(libc_a-exit.o)
                              /Users/benjamincastin/Library/Application Support/Code/User/globalStorage/bmd.stm32-for-vscode/@xpack-dev-tools/arm-none-eabi-gcc/14.2.1-1.1.1/.content/bin/../lib/gcc/arm-none-eabi/14.2.1/../../../../arm-none-eabi/lib/thumb/v7e-m+fp/hard/crt0.o (exit)
/Users/benjamincastin/Library/Application Support/Code/User/globalStorage/bmd.stm32-for-vscode/@xpack-dev-tools/arm-none-eabi-gcc/14.2.1-1.1.1/.content/bin/../lib/gcc/arm-none-eabi/14.2.1/../../../../arm-none-eabi/lib/thumb/v7e-m+fp/hard/libc_nano.a(libc_a-findfp.o)
                              /Users/benjamincastin/Library/Application Support/Code/User/globalStorage/bmd.stm32-for-vscode/@xpack-dev-tools/arm-none-eabi-gcc/14.2.1-1.1.1/.content/bin/../lib/gcc/arm-none-eabi/14.2.1/../../../../arm-none-eabi/lib/thumb/v7e-m+fp/hard/libc_nano.a(libc_a-exit.o) (__stdio_exit_handler)
/Users/benjamincastin/Library/Application Support/Code/User/globalStorage/bmd.stm32-for-vscode/@xpack-dev-tools/arm-none-eabi-gcc/14.2.1-1.1.1/.content/bin/../lib/gcc/arm-none-eabi/14.2.1/../../../../arm-none-eabi/lib/thumb/v7e-m+fp/hard/libc_nano.a(libc_a-fwalk.o)
                              /Users/benjamincastin/Library/Application Support/Code/User/globalStorage/bmd.stm32-for-vscode/@xpack-dev-tools/arm-none-eabi-gcc/14.2.1-1.1.1/.content/bin/../lib/gcc/arm-none-eabi/14.2.1/../../../../arm-none-eabi/lib/thumb/v7e-m+fp/hard/libc_nano.a(libc_a-findfp.o) (_fwalk_sglue)
/Users/benjamincastin/Library/Application Support/Code/User/globalStorage/bmd.stm32-for-vscode/@xpack-dev-tools/arm-none-eabi-gcc/14.2.1-1.1.1/.content/bin/../lib/gcc/arm-none-eabi/14.2.1/../../../../arm-none-eabi/lib/thumb/v7e-m+fp/hard/libc_nano.a(libc_a-memset.o)
                              /Users/benjamincastin/Library/Application Support/Code/User/globalStorage/bmd.stm32-for-vscode/@xpack-dev-tools/arm-none-eabi-gcc/14.2.1-1.1.1/.content/bin/../lib/gcc/arm-none-eabi/14.2.1/../../../../arm-none-eabi/lib/thumb/v7e-m+fp/hard/crt0.o (memset)
/Users/benjamincastin/Library/Application Support/Code/User/globalStorage/bmd.stm32-for-vscode/@xpack-dev-tools/arm-none-eabi-gcc/14.2.1-1.1.1/.content/bin/../lib/gcc/arm-none-eabi/14.2.1/../../../../arm-none-eabi/lib/thumb/v7e-m+fp/hard/libc_nano.a(libc_a-errno.o)
                              build/debug/syscalls.o (__errno)
/Users/benjamincastin/Library/Application Support/Code/User/globalStorage/bmd.stm32-for-vscode/@xpack-dev-tools/arm-none-eabi-gcc/14.2.1-1.1.1/.content/bin/../lib/gcc/arm-none-eabi/14.2.1/../../../../arm-none-eabi/lib/thumb/v7e-m+fp/hard/libc_nano.a(libc_a-init.o)
                              /Users/benjamincastin/Library/Application Support/Code/User/globalStorage/bmd.stm32-for-vscode/@xpack-dev-tools/arm-none-eabi-gcc/14.2.1-1.1.1/.content/bin/../lib/gcc/arm-none-eabi/14.2.1/../../../../arm-none-eabi/lib/thumb/v7e-m+fp/hard/crt0.o (__libc_init_array)
/Users/benjamincastin/Library/Application Support/Code/User/globalStorage/bmd.stm32-for-vscode/@xpack-dev-tools/arm-none-eabi-gcc/14.2.1-1.1.1/.content/bin/../lib/gcc/arm-none-eabi/14.2.1/../../../../arm-none-eabi/lib/thumb/v7e-m+fp/hard/libc_nano.a(libc_a-fini.o)
                              /Users/benjamincastin/Library/Application Support/Code/User/globalStorage/bmd.stm32-for-vscode/@xpack-dev-tools/arm-none-eabi-gcc/14.2.1-1.1.1/.content/bin/../lib/gcc/arm-none-eabi/14.2.1/../../../../arm-none-eabi/lib/thumb/v7e-m+fp/hard/crt0.o (__libc_fini_array)
/Users/benjamincastin/Library/Application Support/Code/User/globalStorage/bmd.stm32-for-vscode/@xpack-dev-tools/arm-none-eabi-gcc/14.2.1-1.1.1/.content/bin/../lib/gcc/arm-none-eabi/14.2.1/../../../../arm-none-eabi/lib/thumb/v7e-m+fp/hard/libc_nano.a(libc_a-lock.o)
                              /Users/benjamincastin/Library/Application Support/Code/User/globalStorage/bmd.stm32-for-vscode/@xpack-dev-tools/arm-none-eabi-gcc/14.2.1-1.1.1/.content/bin/../lib/gcc/arm-none-eabi/14.2.1/../../../../arm-none-eabi/lib/thumb/v7e-m+fp/hard/libc_nano.a(libc_a-findfp.o) (__retarget_lock_init_recursive)
[...]
Memory Configuration

Name             Origin             Length             Attributes
RAM              0x20000000         0x00018000         xrw
RAM2             0x10000000         0x00008000         xrw
FLASH            0x08000000         0x00100000         xr
*default*        0x00000000         0xffffffff

Linker script and memory map

LOAD /Users/benjamincastin/Library/Application Support/Code/User/globalStorage/bmd.stm32-for-vscode/@xpack-dev-tools/arm-none-eabi-gcc/14.2.1-1.1.1/.content/bin/../lib/gcc/arm-none-eabi/14.2.1/thumb/v7e-m+fp/hard/crti.o
LOAD /Users/benjamincastin/Library/Application Support/Code/User/globalStorage/bmd.stm32-for-vscode/@xpack-dev-tools/arm-none-eabi-gcc/14.2.1-1.1.1/.content/bin/../lib/gcc/arm-none-eabi/14.2.1/thumb/v7e-m+fp/hard/crtbegin.o
LOAD /Users/benjamincastin/Library/Application Support/Code/User/globalStorage/bmd.stm32-for-vscode/@xpack-dev-tools/arm-none-eabi-gcc/14.2.1-1.1.1/.content/bin/../lib/gcc/arm-none-eabi/14.2.1/../../../../arm-none-eabi/lib/thumb/v7e-m+fp/hard/crt0.o
LOAD build/debug/PID.o
LOAD build/debug/accelerometer.o
LOAD build/debug/main.o
LOAD build/debug/stm32l4xx_hal.o
LOAD build/debug/stm32l4xx_hal_cortex.o
LOAD build/debug/stm32l4xx_hal_dma.o
LOAD build/debug/stm32l4xx_hal_dma_ex.o
LOAD build/debug/stm32l4xx_hal_exti.o
LOAD build/debug/stm32l4xx_hal_flash.o
LOAD build/debug/stm32l4xx_hal_flash_ex.o
LOAD build/debug/stm32l4xx_hal_flash_ramfunc.o
LOAD build/debug/stm32l4xx_hal_gpio.o
LOAD build/debug/stm32l4xx_hal_i2c.o
LOAD build/debug/stm32l4xx_hal_i2c_ex.o
LOAD build/debug/stm32l4xx_hal_msp.o
LOAD build/debug/stm32l4xx_hal_pwr.o
LOAD build/debug/stm32l4xx_hal_pwr_ex.o
LOAD build/debug/stm32l4xx_hal_rcc.o
LOAD build/debug/stm32l4xx_hal_rcc_ex.o
LOAD build/debug/stm32l4xx_hal_uart.o
LOAD build/debug/stm32l4xx_hal_uart_ex.o
LOAD build/debug/stm32l4xx_it.o
LOAD build/debug/syscalls.o
LOAD build/debug/sysmem.o
LOAD build/debug/system_stm32l4xx.o
LOAD build/debug/startup_stm32l476xx.o
LOAD /Users/benjamincastin/Library/Application Support/Code/User/globalStorage/bmd.stm32-for-vscode/@xpack-dev-tools/arm-none-eabi-gcc/14.2.1-1.1.1/.content/bin/../lib/gcc/arm-none-eabi/14.2.1/../../../../arm-none-eabi/lib/thumb/v7e-m+fp/hard/libc_nano.a
LOAD /Users/benjamincastin/Library/Application Support/Code/User/globalStorage/bmd.stm32-for-vscode/@xpack-dev-tools/arm-none-eabi-gcc/14.2.1-1.1.1/.content/bin/../lib/gcc/arm-none-eabi/14.2.1/../../../../arm-none-eabi/lib/thumb/v7e-m+fp/hard/libm.a
LOAD /Users/benjamincastin/Library/Application Support/Code/User/globalStorage/bmd.stm32-for-vscode/@xpack-dev-tools/arm-none-eabi-gcc/14.2.1-1.1.1/.content/bin/../lib/gcc/arm-none-eabi/14.2.1/../../../../arm-none-eabi/lib/thumb/v7e-m+fp/hard/libnosys.a
START GROUP
LOAD /Users/benjamincastin/Library/Application Support/Code/User/globalStorage/bmd.stm32-for-vscode/@xpack-dev-tools/arm-none-eabi-gcc/14.2.1-1.1.1/.content/bin/../lib/gcc/arm-none-eabi/14.2.1/thumb/v7e-m+fp/hard/libgcc.a
LOAD /Users/benjamincastin/Library/Application Support/Code/User/globalStorage/bmd.stm32-for-vscode/@xpack-dev-tools/arm-none-eabi-gcc/14.2.1-1.1.1/.content/bin/../lib/gcc/arm-none-eabi/14.2.1/../../../../arm-none-eabi/lib/thumb/v7e-m+fp/hard/libc_nano.a
END GROUP
START GROUP
LOAD /Users/benjamincastin/Library/Application Support/Code/User/globalStorage/bmd.stm32-for-vscode/@xpack-dev-tools/arm-none-eabi-gcc/14.2.1-1.1.1/.content/bin/../lib/gcc/arm-none-eabi/14.2.1/thumb/v7e-m+fp/hard/libgcc.a
LOAD /Users/benjamincastin/Library/Application Support/Code/User/globalStorage/bmd.stm32-for-vscode/@xpack-dev-tools/arm-none-eabi-gcc/14.2.1-1.1.1/.content/bin/../lib/gcc/arm-none-eabi/14.2.1/../../../../arm-none-eabi/lib/thumb/v7e-m+fp/hard/libc_nano.a
END GROUP
LOAD /Users/benjamincastin/Library/Application Support/Code/User/globalStorage/bmd.stm32-for-vscode/@xpack-dev-tools/arm-none-eabi-gcc/14.2.1-1.1.1/.content/bin/../lib/gcc/arm-none-eabi/14.2.1/thumb/v7e-m+fp/hard/crtend.o
LOAD /Users/benjamincastin/Library/Application Support/Code/User/globalStorage/bmd.stm32-for-vscode/@xpack-dev-tools/arm-none-eabi-gcc/14.2.1-1.1.1/.content/bin/../lib/gcc/arm-none-eabi/14.2.1/thumb/v7e-m+fp/hard/crtn.o
                0x20018000                        _estack = (ORIGIN (RAM) + LENGTH (RAM))
                0x00000200                        _Min_Heap_Size = 0x200
                0x00000400                        _Min_Stack_Size = 0x400

.isr_vector     0x08000000      0x188
                0x08000000                        . = ALIGN (0x8)
 *(.isr_vector)
 .isr_vector    0x08000000      0x188 build/debug/startup_stm32l476xx.o
                0x08000000                g_pfnVectors
                0x08000188                        . = ALIGN (0x8)

.text           0x08000188     0x3888
                0x08000188                        . = ALIGN (0x8)
 *(.text)
 .text          0x08000188      0x254 /Users/benjamincastin/Library/Application Support/Code/User/globalStorage/bmd.stm32-for-vscode/@xpack-dev-tools/arm-none-eabi-gcc/14.2.1-1.1.1/.content/bin/../lib/gcc/arm-none-eabi/14.2.1/thumb/v7e-m+fp/hard/libgcc.a(_arm_muldf3.o)
                0x08000188                __aeabi_dmul
                0x08000188                __muldf3
 .text          0x080003dc      0x378 /Users/benjamincastin/Library/Application Support/Code/User/globalStorage/bmd.stm32-for-vscode/@xpack-dev-tools/arm-none-eabi-gcc/14.2.1-1.1.1/.content/bin/../lib/gcc/arm-none-eabi/14.2.1/thumb/v7e-m+fp/hard/libgcc.a(_arm_addsubdf3.o)
                0x080003dc                __aeabi_drsub
                0x080003e4                __subdf3
                0x080003e4                __aeabi_dsub
                0x080003e8                __aeabi_dadd
                0x080003e8                __adddf3
                0x08000660                __aeabi_ui2d
                0x08000660                __floatunsidf
                0x08000680                __floatsidf
                0x08000680                __aeabi_i2d
                0x080006a4                __extendsfdf2
                0x080006a4                __aeabi_f2d
                0x080006e8                __aeabi_ul2d
                0x080006e8                __floatundidf
                0x080006f8                __aeabi_l2d
                0x080006f8                __floatdidf
 .text          0x08000754       0xa0 /Users/benjamincastin/Library/Application Support/Code/User/globalStorage/bmd.stm32-for-vscode/@xpack-dev-tools/arm-none-eabi-gcc/14.2.1-1.1.1/.content/bin/../lib/gcc/arm-none-eabi/14.2.1/thumb/v7e-m+fp/hard/libgcc.a(_arm_truncdfsf2.o)
                0x08000754                __aeabi_d2f
                0x08000754                __truncdfsf2
 .text          0x080007f4       0x30 /Users/benjamincastin/Library/Application Support/Code/User/globalStorage/bmd.stm32-for-vscode/@xpack-dev-tools/arm-none-eabi-gcc/14.2.1-1.1.1/.content/bin/../lib/gcc/arm-none-eabi/14.2.1/thumb/v7e-m+fp/hard/libgcc.a(_aeabi_uldivmod.o)
                0x080007f4                __aeabi_uldivmod
 .text          0x08000824        0x4 /Users/benjamincastin/Library/Application Support/Code/User/globalStorage/bmd.stm32-for-vscode/@xpack-dev-tools/arm-none-eabi-gcc/14.2.1-1.1.1/.content/bin/../lib/gcc/arm-none-eabi/14.2.1/thumb/v7e-m+fp/hard/libgcc.a(_dvmd_tls.o)
                0x08000824                __aeabi_ldiv0
                0x08000824                __aeabi_idiv0
 *(.text*)
 .text.__do_global_dtors_aux
                0x08000828       0x24 /Users/benjamincastin/Library/Application Support/Code/User/globalStorage/bmd.stm32-for-vscode/@xpack-dev-tools/arm-none-eabi-gcc/14.2.1-1.1.1/.content/bin/../lib/gcc/arm-none-eabi/14.2.1/thumb/v7e-m+fp/hard/crtbegin.o
 .text.frame_dummy
                0x0800084c       0x1c /Users/benjamincastin/Library/Application Support/Code/User/globalStorage/bmd.stm32-for-vscode/@xpack-dev-tools/arm-none-eabi-gcc/14.2.1-1.1.1/.content/bin/../lib/gcc/arm-none-eabi/14.2.1/thumb/v7e-m+fp/hard/crtbegin.o
 .text.Accelerometer_Init
                0x08000868       0x9a build/debug/accelerometer.o
                0x08000868                Accelerometer_Init
 *fill*         0x08000902        0x2 
 .text.Accelerometer_Read
                0x08000904      0x124 build/debug/accelerometer.o
                0x08000904                Accelerometer_Read
 .text.angles_from_accel
                0x08000a28       0x98 build/debug/accelerometer.o
                0x08000a28                angles_from_accel
 .text.angles_rate_from_gyro
                0x08000ac0       0x1a build/debug/accelerometer.o
                0x08000ac0                angles_rate_from_gyro
 *fill*         0x08000ada        0x2 
 .text.Kalman_Init
                0x08000adc       0x58 build/debug/accelerometer.o
                0x08000adc                Kalman_Init
 .text.Kalman_GetAngle
                0x08000b34       0xca build/debug/accelerometer.o
                0x08000b34                Kalman_GetAngle
 *fill*         0x08000bfe        0x2 
 .text.MX_GPIO_Init
                0x08000c00       0xa0 build/debug/main.o
 .text.Error_Handler
                0x08000ca0        0x4 build/debug/main.o
                0x08000ca0                Error_Handler
 .text.MX_USART2_UART_Init
                0x08000ca4       0x38 build/debug/main.o
 .text.MX_I2C1_Init
                0x08000cdc       0x54 build/debug/main.o
 .text.SystemClock_Config
                0x08000d30       0x7a build/debug/main.o
                0x08000d30                SystemClock_Config
 *fill*         0x08000daa        0x2 
 .text.main     0x08000dac       0xdc build/debug/main.o
                0x08000dac                main
 .text.HAL_InitTick
                0x08000e88       0x50 build/debug/stm32l4xx_hal.o
                0x08000e88                HAL_InitTick
 .text.HAL_Init
                0x08000ed8       0x2c build/debug/stm32l4xx_hal.o
                0x08000ed8                HAL_Init
 .text.HAL_IncTick
                0x08000f04       0x18 build/debug/stm32l4xx_hal.o
                0x08000f04                HAL_IncTick
 .text.HAL_GetTick
                0x08000f1c        0xc build/debug/stm32l4xx_hal.o
                0x08000f1c                HAL_GetTick
 .text.HAL_Delay
                0x08000f28       0x28 build/debug/stm32l4xx_hal.o
                0x08000f28                HAL_Delay
 .text.__NVIC_SetPriority
                0x08000f50       0x28 build/debug/stm32l4xx_hal_cortex.o
 .text.NVIC_EncodePriority
                0x08000f78       0x3e build/debug/stm32l4xx_hal_cortex.o
 *fill*         0x08000fb6        0x2 
 .text.HAL_NVIC_SetPriorityGrouping
                0x08000fb8       0x24 build/debug/stm32l4xx_hal_cortex.o
                0x08000fb8                HAL_NVIC_SetPriorityGrouping
 .text.HAL_NVIC_SetPriority
                0x08000fdc       0x20 build/debug/stm32l4xx_hal_cortex.o
                0x08000fdc                HAL_NVIC_SetPriority
 .text.HAL_SYSTICK_Config
                0x08000ffc       0x28 build/debug/stm32l4xx_hal_cortex.o
                0x08000ffc                HAL_SYSTICK_Config
 .text.HAL_GPIO_Init
                0x08001024      0x200 build/debug/stm32l4xx_hal_gpio.o
                0x08001024                HAL_GPIO_Init
 .text.HAL_GPIO_WritePin
                0x08001224        0xa build/debug/stm32l4xx_hal_gpio.o
                0x08001224                HAL_GPIO_WritePin
 .text.I2C_Flush_TXDR
                0x0800122e       0x22 build/debug/stm32l4xx_hal_i2c.o
 .text.I2C_TransferConfig
                0x08001250       0x3c build/debug/stm32l4xx_hal_i2c.o
 .text.I2C_IsErrorOccurred
                0x0800128c      0x114 build/debug/stm32l4xx_hal_i2c.o
 .text.I2C_WaitOnTXISFlagUntilTimeout
                0x080013a0       0x60 build/debug/stm32l4xx_hal_i2c.o
 .text.I2C_WaitOnFlagUntilTimeout
                0x08001400       0x7c build/debug/stm32l4xx_hal_i2c.o
 .text.I2C_RequestMemoryWrite
                0x0800147c       0x7c build/debug/stm32l4xx_hal_i2c.o
 .text.I2C_RequestMemoryRead
                0x080014f8       0x78 build/debug/stm32l4xx_hal_i2c.o
 .text.I2C_WaitOnSTOPFlagUntilTimeout
                0x08001570       0x5e build/debug/stm32l4xx_hal_i2c.o
 .text.HAL_I2C_Init
                0x080015ce       0xc8 build/debug/stm32l4xx_hal_i2c.o
                0x080015ce                HAL_I2C_Init
 .text.HAL_I2C_Mem_Write
                0x08001696      0x1a6 build/debug/stm32l4xx_hal_i2c.o
                0x08001696                HAL_I2C_Mem_Write
 .text.HAL_I2C_Mem_Read
                0x0800183c      0x1ac build/debug/stm32l4xx_hal_i2c.o
                0x0800183c                HAL_I2C_Mem_Read
 .text.HAL_I2CEx_ConfigAnalogFilter
                0x080019e8       0x5a build/debug/stm32l4xx_hal_i2c_ex.o
                0x080019e8                HAL_I2CEx_ConfigAnalogFilter
 .text.HAL_I2CEx_ConfigDigitalFilter
                0x08001a42       0x56 build/debug/stm32l4xx_hal_i2c_ex.o
                0x08001a42                HAL_I2CEx_ConfigDigitalFilter
 .text.HAL_MspInit
                0x08001a98       0x30 build/debug/stm32l4xx_hal_msp.o
                0x08001a98                HAL_MspInit
 .text.HAL_I2C_MspInit
                0x08001ac8       0x8c build/debug/stm32l4xx_hal_msp.o
                0x08001ac8                HAL_I2C_MspInit
 .text.HAL_UART_MspInit
                0x08001b54       0x88 build/debug/stm32l4xx_hal_msp.o
                0x08001b54                HAL_UART_MspInit
 .text.HAL_PWREx_GetVoltageRange
                0x08001bdc       0x10 build/debug/stm32l4xx_hal_pwr_ex.o
                0x08001bdc                HAL_PWREx_GetVoltageRange
 .text.HAL_PWREx_ControlVoltageScaling
                0x08001bec       0x90 build/debug/stm32l4xx_hal_pwr_ex.o
                0x08001bec                HAL_PWREx_ControlVoltageScaling
 .text.RCC_SetFlashLatencyFromMSIRange
                0x08001c7c       0x90 build/debug/stm32l4xx_hal_rcc.o
 .text.HAL_RCC_GetSysClockFreq
                0x08001d0c       0xa8 build/debug/stm32l4xx_hal_rcc.o
                0x08001d0c                HAL_RCC_GetSysClockFreq
 .text.HAL_RCC_OscConfig
                0x08001db4      0x61c build/debug/stm32l4xx_hal_rcc.o
                0x08001db4                HAL_RCC_OscConfig
 .text.HAL_RCC_ClockConfig
                0x080023d0      0x188 build/debug/stm32l4xx_hal_rcc.o
                0x080023d0                HAL_RCC_ClockConfig
 .text.HAL_RCC_GetHCLKFreq
                0x08002558        0xc build/debug/stm32l4xx_hal_rcc.o
                0x08002558                HAL_RCC_GetHCLKFreq
 .text.HAL_RCC_GetPCLK1Freq
                0x08002564       0x24 build/debug/stm32l4xx_hal_rcc.o
                0x08002564                HAL_RCC_GetPCLK1Freq
 .text.HAL_RCC_GetPCLK2Freq
                0x08002588       0x24 build/debug/stm32l4xx_hal_rcc.o
                0x08002588                HAL_RCC_GetPCLK2Freq
 .text.RCCEx_PLLSAI1_Config
                0x080025ac      0x170 build/debug/stm32l4xx_hal_rcc_ex.o
 .text.RCCEx_PLLSAI2_Config
                0x0800271c      0x14c build/debug/stm32l4xx_hal_rcc_ex.o
 .text.HAL_RCCEx_PeriphCLKConfig
                0x08002868      0x454 build/debug/stm32l4xx_hal_rcc_ex.o
                0x08002868                HAL_RCCEx_PeriphCLKConfig
 .text.UART_EndRxTransfer
                0x08002cbc       0x52 build/debug/stm32l4xx_hal_uart.o
 *fill*         0x08002d0e        0x2 
 .text.UART_SetConfig
                0x08002d10      0x328 build/debug/stm32l4xx_hal_uart.o
                0x08002d10                UART_SetConfig
 .text.UART_AdvFeatureConfig
                0x08003038       0xca build/debug/stm32l4xx_hal_uart.o
                0x08003038                UART_AdvFeatureConfig
 .text.UART_WaitOnFlagUntilTimeout
                0x08003102       0x9e build/debug/stm32l4xx_hal_uart.o
                0x08003102                UART_WaitOnFlagUntilTimeout
 .text.UART_CheckIdleState
                0x080031a0       0xc6 build/debug/stm32l4xx_hal_uart.o
                0x080031a0                UART_CheckIdleState
 .text.HAL_UART_Init
                0x08003266       0x62 build/debug/stm32l4xx_hal_uart.o
                0x08003266                HAL_UART_Init
 .text.NMI_Handler
                0x080032c8        0x2 build/debug/stm32l4xx_it.o
                0x080032c8                NMI_Handler
 .text.HardFault_Handler
                0x080032ca        0x2 build/debug/stm32l4xx_it.o
                0x080032ca                HardFault_Handler
 .text.MemManage_Handler
                0x080032cc        0x2 build/debug/stm32l4xx_it.o
                0x080032cc                MemManage_Handler
 .text.BusFault_Handler
                0x080032ce        0x2 build/debug/stm32l4xx_it.o
                0x080032ce                BusFault_Handler
 .text.UsageFault_Handler
                0x080032d0        0x2 build/debug/stm32l4xx_it.o
                0x080032d0                UsageFault_Handler
 .text.SVC_Handler
                0x080032d2        0x2 build/debug/stm32l4xx_it.o
                0x080032d2                SVC_Handler
 .text.DebugMon_Handler
                0x080032d4        0x2 build/debug/stm32l4xx_it.o
                0x080032d4                DebugMon_Handler
 .text.PendSV_Handler
                0x080032d6        0x2 build/debug/stm32l4xx_it.o
                0x080032d6                PendSV_Handler
 .text.SysTick_Handler
                0x080032d8        0x8 build/debug/stm32l4xx_it.o
                0x080032d8                SysTick_Handler
 .text.SystemInit
                0x080032e0       0x14 build/debug/system_stm32l4xx.o
                0x080032e0                SystemInit
 .text.Reset_Handler
                0x080032f4       0x50 build/debug/startup_stm32l476xx.o
                0x080032f4                Reset_Handler
 .text.Default_Handler
                0x08003344        0x2 build/debug/startup_stm32l476xx.o
                0x08003344                TIM1_BRK_TIM15_IRQHandler
                0x08003344                EXTI2_IRQHandler
                0x08003344                TIM8_TRG_COM_IRQHandler
                0x08003344                TIM8_CC_IRQHandler
                0x08003344                TIM1_CC_IRQHandler
                0x08003344                TSC_IRQHandler
                0x08003344                TAMP_STAMP_IRQHandler
                0x08003344                EXTI3_IRQHandler
                0x08003344                LPTIM2_IRQHandler
                0x08003344                DFSDM1_FLT1_IRQHandler
                0x08003344                I2C3_ER_IRQHandler
                0x08003344                DFSDM1_FLT2_IRQHandler
                0x08003344                EXTI0_IRQHandler
                0x08003344                I2C2_EV_IRQHandler
                0x08003344                CAN1_RX0_IRQHandler
                0x08003344                FPU_IRQHandler
                0x08003344                TIM1_UP_TIM16_IRQHandler
                0x08003344                ADC1_2_IRQHandler
                0x08003344                SPI1_IRQHandler
                0x08003344                TIM6_DAC_IRQHandler
                0x08003344                TIM8_UP_IRQHandler
                0x08003344                DMA2_Channel2_IRQHandler
                0x08003344                DMA1_Channel4_IRQHandler
                0x08003344                SAI2_IRQHandler
                0x08003344                DFSDM1_FLT3_IRQHandler
                0x08003344                USART3_IRQHandler
                0x08003344                DMA1_Channel7_IRQHandler
                0x08003344                CAN1_RX1_IRQHandler
                0x08003344                LCD_IRQHandler
                0x08003344                UART5_IRQHandler
                0x08003344                ADC3_IRQHandler
                0x08003344                TIM4_IRQHandler
                0x08003344                DMA2_Channel1_IRQHandler
                0x08003344                QUADSPI_IRQHandler
                0x08003344                I2C1_EV_IRQHandler
                0x08003344                DMA1_Channel6_IRQHandler
                0x08003344                UART4_IRQHandler
                0x08003344                DMA2_Channel4_IRQHandler
                0x08003344                TIM3_IRQHandler
                0x08003344                RCC_IRQHandler
                0x08003344                DMA1_Channel1_IRQHandler
                0x08003344                Default_Handler
                0x08003344                DMA2_Channel7_IRQHandler
                0x08003344                EXTI15_10_IRQHandler
                0x08003344                TIM7_IRQHandler
                0x08003344                SDMMC1_IRQHandler
                0x08003344                TIM5_IRQHandler
                0x08003344                I2C3_EV_IRQHandler
                0x08003344                EXTI9_5_IRQHandler
                0x08003344                RTC_WKUP_IRQHandler
                0x08003344                PVD_PVM_IRQHandler
                0x08003344                SPI2_IRQHandler
                0x08003344                CAN1_TX_IRQHandler
                0x08003344                DMA2_Channel5_IRQHandler
                0x08003344                DMA1_Channel5_IRQHandler
                0x08003344                EXTI4_IRQHandler
                0x08003344                RNG_IRQHandler
                0x08003344                TIM1_TRG_COM_TIM17_IRQHandler
                0x08003344                DMA1_Channel3_IRQHandler
                0x08003344                COMP_IRQHandler
                0x08003344                WWDG_IRQHandler
                0x08003344                LPUART1_IRQHandler
                0x08003344                DMA2_Channel6_IRQHandler
                0x08003344                TIM2_IRQHandler
                0x08003344                EXTI1_IRQHandler
                0x08003344                USART2_IRQHandler
                0x08003344                DFSDM1_FLT0_IRQHandler
                0x08003344                I2C2_ER_IRQHandler
                0x08003344                DMA1_Channel2_IRQHandler
                0x08003344                TIM8_BRK_IRQHandler
                0x08003344                CAN1_SCE_IRQHandler
                0x08003344                FLASH_IRQHandler
                0x08003344                USART1_IRQHandler
                0x08003344                OTG_FS_IRQHandler
                0x08003344                SPI3_IRQHandler
                0x08003344                I2C1_ER_IRQHandler
                0x08003344                FMC_IRQHandler
                0x08003344                SWPMI1_IRQHandler
                0x08003344                LPTIM1_IRQHandler
                0x08003344                SAI1_IRQHandler
                0x08003344                DMA2_Channel3_IRQHandler
                0x08003344                RTC_Alarm_IRQHandler
 .text.memset   0x08003346       0x10 /Users/benjamincastin/Library/Application Support/Code/User/globalStorage/bmd.stm32-for-vscode/@xpack-dev-tools/arm-none-eabi-gcc/14.2.1-1.1.1/.content/bin/../lib/gcc/arm-none-eabi/14.2.1/../../../../arm-none-eabi/lib/thumb/v7e-m+fp/hard/libc_nano.a(libc_a-memset.o)
                0x08003346                memset
 *fill*         0x08003356        0x2 
 .text.__errno  0x08003358        0xc /Users/benjamincastin/Library/Application Support/Code/User/globalStorage/bmd.stm32-for-vscode/@xpack-dev-tools/arm-none-eabi-gcc/14.2.1-1.1.1/.content/bin/../lib/gcc/arm-none-eabi/14.2.1/../../../../arm-none-eabi/lib/thumb/v7e-m+fp/hard/libc_nano.a(libc_a-errno.o)
                0x08003358                __errno
 .text.__libc_init_array
                0x08003364       0x48 /Users/benjamincastin/Library/Application Support/Code/User/globalStorage/bmd.stm32-for-vscode/@xpack-dev-tools/arm-none-eabi-gcc/14.2.1-1.1.1/.content/bin/../lib/gcc/arm-none-eabi/14.2.1/../../../../arm-none-eabi/lib/thumb/v7e-m+fp/hard/libc_nano.a(libc_a-init.o)
                0x08003364                __libc_init_array
 .text.atan2f   0x080033ac        0x4 /Users/benjamincastin/Library/Application Support/Code/User/globalStorage/bmd.stm32-for-vscode/@xpack-dev-tools/arm-none-eabi-gcc/14.2.1-1.1.1/.content/bin/../lib/gcc/arm-none-eabi/14.2.1/../../../../arm-none-eabi/lib/thumb/v7e-m+fp/hard/libm.a(libm_a-wf_atan2.o)
                0x080033ac                atan2f
 .text.sqrtf    0x080033b0       0x44 /Users/benjamincastin/Library/Application Support/Code/User/globalStorage/bmd.stm32-for-vscode/@xpack-dev-tools/arm-none-eabi-gcc/14.2.1-1.1.1/.content/bin/../lib/gcc/arm-none-eabi/14.2.1/../../../../arm-none-eabi/lib/thumb/v7e-m+fp/hard/libm.a(libm_a-wf_sqrt.o)
                0x080033b0                sqrtf
 .text.__ieee754_atan2f
                0x080033f4      0x14c /Users/benjamincastin/Library/Application Support/Code/User/globalStorage/bmd.stm32-for-vscode/@xpack-dev-tools/arm-none-eabi-gcc/14.2.1-1.1.1/.content/bin/../lib/gcc/arm-none-eabi/14.2.1/../../../../arm-none-eabi/lib/thumb/v7e-m+fp/hard/libm.a(libm_a-ef_atan2.o)
                0x080033f4                __ieee754_atan2f
 .text.__ieee754_sqrtf
                0x08003540        0x8 /Users/benjamincastin/Library/Application Support/Code/User/globalStorage/bmd.stm32-for-vscode/@xpack-dev-tools/arm-none-eabi-gcc/14.2.1-1.1.1/.content/bin/../lib/gcc/arm-none-eabi/14.2.1/../../../../arm-none-eabi/lib/thumb/v7e-m+fp/hard/libm.a(libm_a-ef_sqrt.o)
                0x08003540                __ieee754_sqrtf
 .text.atanf    0x08003548      0x1a4 /Users/benjamincastin/Library/Application Support/Code/User/globalStorage/bmd.stm32-for-vscode/@xpack-dev-tools/arm-none-eabi-gcc/14.2.1-1.1.1/.content/bin/../lib/gcc/arm-none-eabi/14.2.1/../../../../arm-none-eabi/lib/thumb/v7e-m+fp/hard/libm.a(libm_a-sf_atan.o)
                0x08003548                atanf
 .text.fabsf    0x080036ec       0x10 /Users/benjamincastin/Library/Application Support/Code/User/globalStorage/bmd.stm32-for-vscode/@xpack-dev-tools/arm-none-eabi-gcc/14.2.1-1.1.1/.content/bin/../lib/gcc/arm-none-eabi/14.2.1/../../../../arm-none-eabi/lib/thumb/v7e-m+fp/hard/libm.a(libm_a-sf_fabs.o)
                0x080036ec                fabsf
 .text.__udivmoddi4
                0x080036fc      0x2f8 /Users/benjamincastin/Library/Application Support/Code/User/globalStorage/bmd.stm32-for-vscode/@xpack-dev-tools/arm-none-eabi-gcc/14.2.1-1.1.1/.content/bin/../lib/gcc/arm-none-eabi/14.2.1/thumb/v7e-m+fp/hard/libgcc.a(_udivmoddi4.o)
                0x080036fc                __udivmoddi4
 *(.glue_7)
 .glue_7        0x080039f4        0x0 linker stubs
 *(.glue_7t)
 .glue_7t       0x080039f4        0x0 linker stubs
 *(.eh_frame)
 .eh_frame      0x080039f4        0x0 /Users/benjamincastin/Library/Application Support/Code/User/globalStorage/bmd.stm32-for-vscode/@xpack-dev-tools/arm-none-eabi-gcc/14.2.1-1.1.1/.content/bin/../lib/gcc/arm-none-eabi/14.2.1/thumb/v7e-m+fp/hard/crtbegin.o
 *(.init)
 .init          0x080039f4        0x4 /Users/benjamincastin/Library/Application Support/Code/User/globalStorage/bmd.stm32-for-vscode/@xpack-dev-tools/arm-none-eabi-gcc/14.2.1-1.1.1/.content/bin/../lib/gcc/arm-none-eabi/14.2.1/thumb/v7e-m+fp/hard/crti.o
                0x080039f4                _init
 .init          0x080039f8        0x8 /Users/benjamincastin/Library/Application Support/Code/User/globalStorage/bmd.stm32-for-vscode/@xpack-dev-tools/arm-none-eabi-gcc/14.2.1-1.1.1/.content/bin/../lib/gcc/arm-none-eabi/14.2.1/thumb/v7e-m+fp/hard/crtn.o
 *(.fini)
 .fini          0x08003a00        0x4 /Users/benjamincastin/Library/Application Support/Code/User/globalStorage/bmd.stm32-for-vscode/@xpack-dev-tools/arm-none-eabi-gcc/14.2.1-1.1.1/.content/bin/../lib/gcc/arm-none-eabi/14.2.1/thumb/v7e-m+fp/hard/crti.o
                0x08003a00                _fini
 .fini          0x08003a04        0x8 /Users/benjamincastin/Library/Application Support/Code/User/globalStorage/bmd.stm32-for-vscode/@xpack-dev-tools/arm-none-eabi-gcc/14.2.1-1.1.1/.content/bin/../lib/gcc/arm-none-eabi/14.2.1/thumb/v7e-m+fp/hard/crtn.o
                0x08003a10                        . = ALIGN (0x8)
 *fill*         0x08003a0c        0x4 
                0x08003a10                        _etext = .

.vfp11_veneer   0x08003a10        0x0
 .vfp11_veneer  0x08003a10        0x0 linker stubs

.v4_bx          0x08003a10        0x0
 .v4_bx         0x08003a10        0x0 linker stubs

.iplt           0x08003a10        0x0
 .iplt          0x08003a10        0x0 /Users/benjamincastin/Library/Application Support/Code/User/globalStorage/bmd.stm32-for-vscode/@xpack-dev-tools/arm-none-eabi-gcc/14.2.1-1.1.1/.content/bin/../lib/gcc/arm-none-eabi/14.2.1/thumb/v7e-m+fp/hard/crtbegin.o

.rodata         0x08003a10       0x80
                0x08003a10                        . = ALIGN (0x8)
 *(.rodata)
 *(.rodata*)
 .rodata.MSIRangeTable
                0x08003a10       0x30 build/debug/system_stm32l4xx.o
                0x08003a10                MSIRangeTable
 .rodata.APBPrescTable
                0x08003a40        0x8 build/debug/system_stm32l4xx.o
                0x08003a40                APBPrescTable
 .rodata.AHBPrescTable
                0x08003a48       0x10 build/debug/system_stm32l4xx.o
                0x08003a48                AHBPrescTable
 .rodata.CSWTCH.9
                0x08003a58        0xc /Users/benjamincastin/Library/Application Support/Code/User/globalStorage/bmd.stm32-for-vscode/@xpack-dev-tools/arm-none-eabi-gcc/14.2.1-1.1.1/.content/bin/../lib/gcc/arm-none-eabi/14.2.1/../../../../arm-none-eabi/lib/thumb/v7e-m+fp/hard/libm.a(libm_a-ef_atan2.o)
 .rodata.CSWTCH.8
                0x08003a64        0xc /Users/benjamincastin/Library/Application Support/Code/User/globalStorage/bmd.stm32-for-vscode/@xpack-dev-tools/arm-none-eabi-gcc/14.2.1-1.1.1/.content/bin/../lib/gcc/arm-none-eabi/14.2.1/../../../../arm-none-eabi/lib/thumb/v7e-m+fp/hard/libm.a(libm_a-ef_atan2.o)
 .rodata.atanlo
                0x08003a70       0x10 /Users/benjamincastin/Library/Application Support/Code/User/globalStorage/bmd.stm32-for-vscode/@xpack-dev-tools/arm-none-eabi-gcc/14.2.1-1.1.1/.content/bin/../lib/gcc/arm-none-eabi/14.2.1/../../../../arm-none-eabi/lib/thumb/v7e-m+fp/hard/libm.a(libm_a-sf_atan.o)
 .rodata.atanhi
                0x08003a80       0x10 /Users/benjamincastin/Library/Application Support/Code/User/globalStorage/bmd.stm32-for-vscode/@xpack-dev-tools/arm-none-eabi-gcc/14.2.1-1.1.1/.content/bin/../lib/gcc/arm-none-eabi/14.2.1/../../../../arm-none-eabi/lib/thumb/v7e-m+fp/hard/libm.a(libm_a-sf_atan.o)
                0x08003a90                        . = ALIGN (0x8)

.ARM.extab      0x08003a90        0x0
                0x08003a90                        . = ALIGN (0x8)
 *(.ARM.extab* .gnu.linkonce.armextab.*)
                0x08003a90                        . = ALIGN (0x8)

.ARM            0x08003a90        0x8
                0x08003a90                        . = ALIGN (0x8)
                0x08003a90                        __exidx_start = .
 *(.ARM.exidx*)
 .ARM.exidx.text.__udivmoddi4
                0x08003a90        0x8 /Users/benjamincastin/Library/Application Support/Code/User/globalStorage/bmd.stm32-for-vscode/@xpack-dev-tools/arm-none-eabi-gcc/14.2.1-1.1.1/.content/bin/../lib/gcc/arm-none-eabi/14.2.1/thumb/v7e-m+fp/hard/libgcc.a(_udivmoddi4.o)
                0x08003a98                        __exidx_end = .
                0x08003a98                        . = ALIGN (0x8)

.preinit_array  0x08003a98        0x0
                0x08003a98                        . = ALIGN (0x8)
                0x08003a98                        PROVIDE (__preinit_array_start = .)
 *(.preinit_array*)
                0x08003a98                        PROVIDE (__preinit_array_end = .)
                0x08003a98                        . = ALIGN (0x8)

.init_array     0x08003a98        0x8
                0x08003a98                        . = ALIGN (0x8)
                0x08003a98                        PROVIDE (__init_array_start = .)
 *(SORT_BY_NAME(.init_array.*))
 *(.init_array*)
 .init_array    0x08003a98        0x4 /Users/benjamincastin/Library/Application Support/Code/User/globalStorage/bmd.stm32-for-vscode/@xpack-dev-tools/arm-none-eabi-gcc/14.2.1-1.1.1/.content/bin/../lib/gcc/arm-none-eabi/14.2.1/thumb/v7e-m+fp/hard/crtbegin.o
                0x08003a9c                        PROVIDE (__init_array_end = .)
                0x08003aa0                        . = ALIGN (0x8)
 *fill*         0x08003a9c        0x4 

.fini_array     0x08003aa0        0x8
                0x08003aa0                        . = ALIGN (0x8)
                0x08003aa0                        PROVIDE (__fini_array_start = .)
 *(SORT_BY_NAME(.fini_array.*))
 *(.fini_array*)
 .fini_array    0x08003aa0        0x4 /Users/benjamincastin/Library/Application Support/Code/User/globalStorage/bmd.stm32-for-vscode/@xpack-dev-tools/arm-none-eabi-gcc/14.2.1-1.1.1/.content/bin/../lib/gcc/arm-none-eabi/14.2.1/thumb/v7e-m+fp/hard/crtbegin.o
                0x08003aa4                        PROVIDE (__fini_array_end = .)
                0x08003aa8                        . = ALIGN (0x8)
 *fill*         0x08003aa4        0x4 
                0x08003aa8                        _sidata = LOADADDR (.data)

.rel.dyn        0x08003aa8        0x0
 .rel.iplt      0x08003aa8        0x0 /Users/benjamincastin/Library/Application Support/Code/User/globalStorage/bmd.stm32-for-vscode/@xpack-dev-tools/arm-none-eabi-gcc/14.2.1-1.1.1/.content/bin/../lib/gcc/arm-none-eabi/14.2.1/thumb/v7e-m+fp/hard/crtbegin.o

.data           0x20000000       0x60 load address 0x08003aa8
                0x20000000                        . = ALIGN (0x8)
                0x20000000                        _sdata = .
 *(.data)
 *(.data*)
 .data.dt       0x20000000        0x4 build/debug/main.o
                0x20000000                dt
 .data.uwTickFreq
                0x20000004        0x1 build/debug/stm32l4xx_hal.o
                0x20000004                uwTickFreq
 *fill*         0x20000005        0x3 
 .data.uwTickPrio
                0x20000008        0x4 build/debug/stm32l4xx_hal.o
                0x20000008                uwTickPrio
 .data.SystemCoreClock
                0x2000000c        0x4 build/debug/system_stm32l4xx.o
                0x2000000c                SystemCoreClock
 .data._impure_ptr
                0x20000010        0x4 /Users/benjamincastin/Library/Application Support/Code/User/globalStorage/bmd.stm32-for-vscode/@xpack-dev-tools/arm-none-eabi-gcc/14.2.1-1.1.1/.content/bin/../lib/gcc/arm-none-eabi/14.2.1/../../../../arm-none-eabi/lib/thumb/v7e-m+fp/hard/libc_nano.a(libc_a-impure.o)
                0x20000010                _impure_ptr
 .data._impure_data
                0x20000014       0x4c /Users/benjamincastin/Library/Application Support/Code/User/globalStorage/bmd.stm32-for-vscode/@xpack-dev-tools/arm-none-eabi-gcc/14.2.1-1.1.1/.content/bin/../lib/gcc/arm-none-eabi/14.2.1/../../../../arm-none-eabi/lib/thumb/v7e-m+fp/hard/libc_nano.a(libc_a-impure.o)
                0x20000014                _impure_data
 *(.RamFunc)
 *(.RamFunc*)
                0x20000060                        . = ALIGN (0x8)
                0x20000060                        _edata = .

.igot.plt       0x20000060        0x0 load address 0x08003b08
 .igot.plt      0x20000060        0x0 /Users/benjamincastin/Library/Application Support/Code/User/globalStorage/bmd.stm32-for-vscode/@xpack-dev-tools/arm-none-eabi-gcc/14.2.1-1.1.1/.content/bin/../lib/gcc/arm-none-eabi/14.2.1/thumb/v7e-m+fp/hard/crtbegin.o
                0x20000060                        . = ALIGN (0x4)

.bss            0x20000060      0x2ac load address 0x08003b08
                0x20000060                        _sbss = .
                0x20000060                        __bss_start__ = _sbss
 *(.bss)
 *(.bss*)
 .bss.completed.1
                0x20000060        0x1 /Users/benjamincastin/Library/Application Support/Code/User/globalStorage/bmd.stm32-for-vscode/@xpack-dev-tools/arm-none-eabi-gcc/14.2.1-1.1.1/.content/bin/../lib/gcc/arm-none-eabi/14.2.1/thumb/v7e-m+fp/hard/crtbegin.o
 *fill*         0x20000061        0x3 
 .bss.object.0  0x20000064       0x18 /Users/benjamincastin/Library/Application Support/Code/User/globalStorage/bmd.stm32-for-vscode/@xpack-dev-tools/arm-none-eabi-gcc/14.2.1-1.1.1/.content/bin/../lib/gcc/arm-none-eabi/14.2.1/thumb/v7e-m+fp/hard/crtbegin.o
 .bss.roll_rate_calc
                0x2000007c        0x4 build/debug/main.o
                0x2000007c                roll_rate_calc
 .bss.pitch_rate_calc
                0x20000080        0x4 build/debug/main.o
                0x20000080                pitch_rate_calc
 .bss.roll_calc
                0x20000084        0x4 build/debug/main.o
                0x20000084                roll_calc
 .bss.pitch_calc
                0x20000088        0x4 build/debug/main.o
                0x20000088                pitch_calc
 .bss.kalman_roll
                0x2000008c       0x28 build/debug/main.o
                0x2000008c                kalman_roll
 .bss.kalman_pitch
                0x200000b4       0x28 build/debug/main.o
                0x200000b4                kalman_pitch
 .bss.gyro_data
                0x200000dc        0xc build/debug/main.o
                0x200000dc                gyro_data
 .bss.accel_data
                0x200000e8        0xc build/debug/main.o
                0x200000e8                accel_data
 .bss.huart2    0x200000f4       0x88 build/debug/main.o
                0x200000f4                huart2
 .bss.hi2c1     0x2000017c       0x54 build/debug/main.o
                0x2000017c                hi2c1
 .bss.uwTick    0x200001d0        0x4 build/debug/stm32l4xx_hal.o
                0x200001d0                uwTick
 .bss.__sf      0x200001d4      0x138 /Users/benjamincastin/Library/Application Support/Code/User/globalStorage/bmd.stm32-for-vscode/@xpack-dev-tools/arm-none-eabi-gcc/14.2.1-1.1.1/.content/bin/../lib/gcc/arm-none-eabi/14.2.1/../../../../arm-none-eabi/lib/thumb/v7e-m+fp/hard/libc_nano.a(libc_a-findfp.o)
                0x200001d4                __sf
 *(COMMON)
                0x2000030c                        . = ALIGN (0x4)
                0x2000030c                        _ebss = .
                0x2000030c                        __bss_end__ = _ebss

._user_heap_stack
                0x2000030c      0x604 load address 0x08003b08
                0x20000310                        . = ALIGN (0x8)
 *fill*         0x2000030c        0x4 
                [!provide]                        PROVIDE (end = .)
                0x20000310                        PROVIDE (_end = .)
                0x20000510                        . = (. + _Min_Heap_Size)
 *fill*         0x20000310      0x200 
                0x20000910                        . = (. + _Min_Stack_Size)
 *fill*         0x20000510      0x400 
                0x20000910                        . = ALIGN (0x8)

/DISCARD/
 libc.a(*)
 libm.a(*)
 libgcc.a(*)
OUTPUT(build/debug/Drone_PID_IDE.elf elf32-littlearm)
LOAD linker stubs
LOAD /Users/benjamincastin/Library/Application Support/Code/User/globalStorage/bmd.stm32-for-vscode/@xpack-dev-tools/arm-none-eabi-gcc/14.2.1-1.1.1/.content/bin/../lib/gcc/arm-none-eabi/14.2.1/../../../../arm-none-eabi/lib/thumb/v7e-m+fp/hard/libc.a
LOAD /Users/benjamincastin/Library/Application Support/Code/User/globalStorage/bmd.stm32-for-vscode/@xpack-dev-tools/arm-none-eabi-gcc/14.2.1-1.1.1/.content/bin/../lib/gcc/arm-none-eabi/14.2.1/../../../../arm-none-eabi/lib/thumb/v7e-m+fp/hard/libm.a
LOAD /Users/benjamincastin/Library/Application Support/Code/User/globalStorage/bmd.stm32-for-vscode/@xpack-dev-tools/arm-none-eabi-gcc/14.2.1-1.1.1/.content/bin/../lib/gcc/arm-none-eabi/14.2.1/thumb/v7e-m+fp/hard/libgcc.a

.ARM.attributes
                0x00000000       0x30
 .ARM.attributes
                0x00000000       0x22 /Users/benjamincastin/Library/Application Support/Code/User/globalStorage/bmd.stm32-for-vscode/@xpack-dev-tools/arm-none-eabi-gcc/14.2.1-1.1.1/.content/bin/../lib/gcc/arm-none-eabi/14.2.1/thumb/v7e-m+fp/hard/crti.o
 .ARM.attributes
                0x00000022       0x34 /Users/benjamincastin/Library/Application Support/Code/User/globalStorage/bmd.stm32-for-vscode/@xpack-dev-tools/arm-none-eabi-gcc/14.2.1-1.1.1/.content/bin/../lib/gcc/arm-none-eabi/14.2.1/thumb/v7e-m+fp/hard/crtbegin.o
 .ARM.attributes
                0x00000056       0x34 build/debug/accelerometer.o
 .ARM.attributes
                0x0000008a       0x34 build/debug/main.o
 .ARM.attributes
                0x000000be       0x34 build/debug/stm32l4xx_hal.o
 .ARM.attributes
                0x000000f2       0x34 build/debug/stm32l4xx_hal_cortex.o
 .ARM.attributes
                0x00000126       0x34 build/debug/stm32l4xx_hal_gpio.o
 .ARM.attributes
                0x0000015a       0x34 build/debug/stm32l4xx_hal_i2c.o
 .ARM.attributes
                0x0000018e       0x34 build/debug/stm32l4xx_hal_i2c_ex.o
 .ARM.attributes
                0x000001c2       0x34 build/debug/stm32l4xx_hal_msp.o
 .ARM.attributes
                0x000001f6       0x34 build/debug/stm32l4xx_hal_pwr_ex.o
 .ARM.attributes
                0x0000022a       0x34 build/debug/stm32l4xx_hal_rcc.o
 .ARM.attributes
                0x0000025e       0x34 build/debug/stm32l4xx_hal_rcc_ex.o
 .ARM.attributes
                0x00000292       0x34 build/debug/stm32l4xx_hal_uart.o
 .ARM.attributes
                0x000002c6       0x34 build/debug/stm32l4xx_it.o
 .ARM.attributes
                0x000002fa       0x34 build/debug/system_stm32l4xx.o
 .ARM.attributes
                0x0000032e       0x21 build/debug/startup_stm32l476xx.o
 .ARM.attributes
                0x0000034f       0x34 /Users/benjamincastin/Library/Application Support/Code/User/globalStorage/bmd.stm32-for-vscode/@xpack-dev-tools/arm-none-eabi-gcc/14.2.1-1.1.1/.content/bin/../lib/gcc/arm-none-eabi/14.2.1/../../../../arm-none-eabi/lib/thumb/v7e-m+fp/hard/libc_nano.a(libc_a-findfp.o)
 .ARM.attributes
                0x00000383       0x34 /Users/benjamincastin/Library/Application Support/Code/User/globalStorage/bmd.stm32-for-vscode/@xpack-dev-tools/arm-none-eabi-gcc/14.2.1-1.1.1/.content/bin/../lib/gcc/arm-none-eabi/14.2.1/../../../../arm-none-eabi/lib/thumb/v7e-m+fp/hard/libc_nano.a(libc_a-memset.o)
 .ARM.attributes
                0x000003b7       0x34 /Users/benjamincastin/Library/Application Support/Code/User/globalStorage/bmd.stm32-for-vscode/@xpack-dev-tools/arm-none-eabi-gcc/14.2.1-1.1.1/.content/bin/../lib/gcc/arm-none-eabi/14.2.1/../../../../arm-none-eabi/lib/thumb/v7e-m+fp/hard/libc_nano.a(libc_a-errno.o)
 .ARM.attributes
                0x000003eb       0x34 /Users/benjamincastin/Library/Application Support/Code/User/globalStorage/bmd.stm32-for-vscode/@xpack-dev-tools/arm-none-eabi-gcc/14.2.1-1.1.1/.content/bin/../lib/gcc/arm-none-eabi/14.2.1/../../../../arm-none-eabi/lib/thumb/v7e-m+fp/hard/libc_nano.a(libc_a-init.o)
 .ARM.attributes
                0x0000041f       0x34 /Users/benjamincastin/Library/Application Support/Code/User/globalStorage/bmd.stm32-for-vscode/@xpack-dev-tools/arm-none-eabi-gcc/14.2.1-1.1.1/.content/bin/../lib/gcc/arm-none-eabi/14.2.1/../../../../arm-none-eabi/lib/thumb/v7e-m+fp/hard/libc_nano.a(libc_a-impure.o)
 .ARM.attributes
                0x00000453       0x34 /Users/benjamincastin/Library/Application Support/Code/User/globalStorage/bmd.stm32-for-vscode/@xpack-dev-tools/arm-none-eabi-gcc/14.2.1-1.1.1/.content/bin/../lib/gcc/arm-none-eabi/14.2.1/../../../../arm-none-eabi/lib/thumb/v7e-m+fp/hard/libm.a(libm_a-wf_atan2.o)
 .ARM.attributes
                0x00000487       0x34 /Users/benjamincastin/Library/Application Support/Code/User/globalStorage/bmd.stm32-for-vscode/@xpack-dev-tools/arm-none-eabi-gcc/14.2.1-1.1.1/.content/bin/../lib/gcc/arm-none-eabi/14.2.1/../../../../arm-none-eabi/lib/thumb/v7e-m+fp/hard/libm.a(libm_a-wf_sqrt.o)
 .ARM.attributes
                0x000004bb       0x34 /Users/benjamincastin/Library/Application Support/Code/User/globalStorage/bmd.stm32-for-vscode/@xpack-dev-tools/arm-none-eabi-gcc/14.2.1-1.1.1/.content/bin/../lib/gcc/arm-none-eabi/14.2.1/../../../../arm-none-eabi/lib/thumb/v7e-m+fp/hard/libm.a(libm_a-ef_atan2.o)
 .ARM.attributes
                0x000004ef       0x34 /Users/benjamincastin/Library/Application Support/Code/User/globalStorage/bmd.stm32-for-vscode/@xpack-dev-tools/arm-none-eabi-gcc/14.2.1-1.1.1/.content/bin/../lib/gcc/arm-none-eabi/14.2.1/../../../../arm-none-eabi/lib/thumb/v7e-m+fp/hard/libm.a(libm_a-ef_sqrt.o)
 .ARM.attributes
                0x00000523       0x34 /Users/benjamincastin/Library/Application Support/Code/User/globalStorage/bmd.stm32-for-vscode/@xpack-dev-tools/arm-none-eabi-gcc/14.2.1-1.1.1/.content/bin/../lib/gcc/arm-none-eabi/14.2.1/../../../../arm-none-eabi/lib/thumb/v7e-m+fp/hard/libm.a(libm_a-sf_atan.o)
 .ARM.attributes
                0x00000557       0x34 /Users/benjamincastin/Library/Application Support/Code/User/globalStorage/bmd.stm32-for-vscode/@xpack-dev-tools/arm-none-eabi-gcc/14.2.1-1.1.1/.content/bin/../lib/gcc/arm-none-eabi/14.2.1/../../../../arm-none-eabi/lib/thumb/v7e-m+fp/hard/libm.a(libm_a-sf_fabs.o)
 .ARM.attributes
                0x0000058b       0x22 /Users/benjamincastin/Library/Application Support/Code/User/globalStorage/bmd.stm32-for-vscode/@xpack-dev-tools/arm-none-eabi-gcc/14.2.1-1.1.1/.content/bin/../lib/gcc/arm-none-eabi/14.2.1/thumb/v7e-m+fp/hard/libgcc.a(_arm_muldf3.o)
 .ARM.attributes
                0x000005ad       0x22 /Users/benjamincastin/Library/Application Support/Code/User/globalStorage/bmd.stm32-for-vscode/@xpack-dev-tools/arm-none-eabi-gcc/14.2.1-1.1.1/.content/bin/../lib/gcc/arm-none-eabi/14.2.1/thumb/v7e-m+fp/hard/libgcc.a(_arm_addsubdf3.o)
 .ARM.attributes
                0x000005cf       0x22 /Users/benjamincastin/Library/Application Support/Code/User/globalStorage/bmd.stm32-for-vscode/@xpack-dev-tools/arm-none-eabi-gcc/14.2.1-1.1.1/.content/bin/../lib/gcc/arm-none-eabi/14.2.1/thumb/v7e-m+fp/hard/libgcc.a(_arm_truncdfsf2.o)
 .ARM.attributes
                0x000005f1       0x22 /Users/benjamincastin/Library/Application Support/Code/User/globalStorage/bmd.stm32-for-vscode/@xpack-dev-tools/arm-none-eabi-gcc/14.2.1-1.1.1/.content/bin/../lib/gcc/arm-none-eabi/14.2.1/thumb/v7e-m+fp/hard/libgcc.a(_aeabi_uldivmod.o)
 .ARM.attributes
                0x00000613       0x34 /Users/benjamincastin/Library/Application Support/Code/User/globalStorage/bmd.stm32-for-vscode/@xpack-dev-tools/arm-none-eabi-gcc/14.2.1-1.1.1/.content/bin/../lib/gcc/arm-none-eabi/14.2.1/thumb/v7e-m+fp/hard/libgcc.a(_udivmoddi4.o)
 .ARM.attributes
                0x00000647       0x22 /Users/benjamincastin/Library/Application Support/Code/User/globalStorage/bmd.stm32-for-vscode/@xpack-dev-tools/arm-none-eabi-gcc/14.2.1-1.1.1/.content/bin/../lib/gcc/arm-none-eabi/14.2.1/thumb/v7e-m+fp/hard/libgcc.a(_dvmd_tls.o)
 .ARM.attributes
                0x00000669       0x22 /Users/benjamincastin/Library/Application Support/Code/User/globalStorage/bmd.stm32-for-vscode/@xpack-dev-tools/arm-none-eabi-gcc/14.2.1-1.1.1/.content/bin/../lib/gcc/arm-none-eabi/14.2.1/thumb/v7e-m+fp/hard/crtn.o

.comment        0x00000000       0x38
 .comment       0x00000000       0x38 /Users/benjamincastin/Library/Application Support/Code/User/globalStorage/bmd.stm32-for-vscode/@xpack-dev-tools/arm-none-eabi-gcc/14.2.1-1.1.1/.content/bin/../lib/gcc/arm-none-eabi/14.2.1/thumb/v7e-m+fp/hard/crtbegin.o
                                 0x39 (size before relaxing)
 .comment       0x00000038       0x39 build/debug/accelerometer.o
 .comment       0x00000038       0x39 build/debug/main.o
 .comment       0x00000038       0x39 build/debug/stm32l4xx_hal.o
 .comment       0x00000038       0x39 build/debug/stm32l4xx_hal_cortex.o
 .comment       0x00000038       0x39 build/debug/stm32l4xx_hal_gpio.o
 .comment       0x00000038       0x39 build/debug/stm32l4xx_hal_i2c.o
 .comment       0x00000038       0x39 build/debug/stm32l4xx_hal_i2c_ex.o
 .comment       0x00000038       0x39 build/debug/stm32l4xx_hal_msp.o
 .comment       0x00000038       0x39 build/debug/stm32l4xx_hal_pwr_ex.o
 .comment       0x00000038       0x39 build/debug/stm32l4xx_hal_rcc.o
 .comment       0x00000038       0x39 build/debug/stm32l4xx_hal_rcc_ex.o
 .comment       0x00000038       0x39 build/debug/stm32l4xx_hal_uart.o
 .comment       0x00000038       0x39 build/debug/stm32l4xx_it.o
 .comment       0x00000038       0x39 build/debug/system_stm32l4xx.o
 .comment       0x00000038       0x39 /Users/benjamincastin/Library/Application Support/Code/User/globalStorage/bmd.stm32-for-vscode/@xpack-dev-tools/arm-none-eabi-gcc/14.2.1-1.1.1/.content/bin/../lib/gcc/arm-none-eabi/14.2.1/../../../../arm-none-eabi/lib/thumb/v7e-m+fp/hard/libc_nano.a(libc_a-findfp.o)
 .comment       0x00000038       0x39 /Users/benjamincastin/Library/Application Support/Code/User/globalStorage/bmd.stm32-for-vscode/@xpack-dev-tools/arm-none-eabi-gcc/14.2.1-1.1.1/.content/bin/../lib/gcc/arm-none-eabi/14.2.1/../../../../arm-none-eabi/lib/thumb/v7e-m+fp/hard/libc_nano.a(libc_a-memset.o)
 .comment       0x00000038       0x39 /Users/benjamincastin/Library/Application Support/Code/User/globalStorage/bmd.stm32-for-vscode/@xpack-dev-tools/arm-none-eabi-gcc/14.2.1-1.1.1/.content/bin/../lib/gcc/arm-none-eabi/14.2.1/../../../../arm-none-eabi/lib/thumb/v7e-m+fp/hard/libc_nano.a(libc_a-errno.o)
 .comment       0x00000038       0x39 /Users/benjamincastin/Library/Application Support/Code/User/globalStorage/bmd.stm32-for-vscode/@xpack-dev-tools/arm-none-eabi-gcc/14.2.1-1.1.1/.content/bin/../lib/gcc/arm-none-eabi/14.2.1/../../../../arm-none-eabi/lib/thumb/v7e-m+fp/hard/libc_nano.a(libc_a-init.o)
 .comment       0x00000038       0x39 /Users/benjamincastin/Library/Application Support/Code/User/globalStorage/bmd.stm32-for-vscode/@xpack-dev-tools/arm-none-eabi-gcc/14.2.1-1.1.1/.content/bin/../lib/gcc/arm-none-eabi/14.2.1/../../../../arm-none-eabi/lib/thumb/v7e-m+fp/hard/libc_nano.a(libc_a-impure.o)
 .comment       0x00000038       0x39 /Users/benjamincastin/Library/Application Support/Code/User/globalStorage/bmd.stm32-for-vscode/@xpack-dev-tools/arm-none-eabi-gcc/14.2.1-1.1.1/.content/bin/../lib/gcc/arm-none-eabi/14.2.1/../../../../arm-none-eabi/lib/thumb/v7e-m+fp/hard/libm.a(libm_a-wf_atan2.o)
 .comment       0x00000038       0x39 /Users/benjamincastin/Library/Application Support/Code/User/globalStorage/bmd.stm32-for-vscode/@xpack-dev-tools/arm-none-eabi-gcc/14.2.1-1.1.1/.content/bin/../lib/gcc/arm-none-eabi/14.2.1/../../../../arm-none-eabi/lib/thumb/v7e-m+fp/hard/libm.a(libm_a-wf_sqrt.o)
 .comment       0x00000038       0x39 /Users/benjamincastin/Library/Application Support/Code/User/globalStorage/bmd.stm32-for-vscode/@xpack-dev-tools/arm-none-eabi-gcc/14.2.1-1.1.1/.content/bin/../lib/gcc/arm-none-eabi/14.2.1/../../../../arm-none-eabi/lib/thumb/v7e-m+fp/hard/libm.a(libm_a-ef_atan2.o)
 .comment       0x00000038       0x39 /Users/benjamincastin/Library/Application Support/Code/User/globalStorage/bmd.stm32-for-vscode/@xpack-dev-tools/arm-none-eabi-gcc/14.2.1-1.1.1/.content/bin/../lib/gcc/arm-none-eabi/14.2.1/../../../../arm-none-eabi/lib/thumb/v7e-m+fp/hard/libm.a(libm_a-ef_sqrt.o)
 .comment       0x00000038       0x39 /Users/benjamincastin/Library/Application Support/Code/User/globalStorage/bmd.stm32-for-vscode/@xpack-dev-tools/arm-none-eabi-gcc/14.2.1-1.1.1/.content/bin/../lib/gcc/arm-none-eabi/14.2.1/../../../../arm-none-eabi/lib/thumb/v7e-m+fp/hard/libm.a(libm_a-sf_atan.o)
 .comment       0x00000038       0x39 /Users/benjamincastin/Library/Application Support/Code/User/globalStorage/bmd.stm32-for-vscode/@xpack-dev-tools/arm-none-eabi-gcc/14.2.1-1.1.1/.content/bin/../lib/gcc/arm-none-eabi/14.2.1/../../../../arm-none-eabi/lib/thumb/v7e-m+fp/hard/libm.a(libm_a-sf_fabs.o)
 .comment       0x00000038       0x39 /Users/benjamincastin/Library/Application Support/Code/User/globalStorage/bmd.stm32-for-vscode/@xpack-dev-tools/arm-none-eabi-gcc/14.2.1-1.1.1/.content/bin/../lib/gcc/arm-none-eabi/14.2.1/thumb/v7e-m+fp/hard/libgcc.a(_udivmoddi4.o)

.debug_info     0x00000000    0x1296e
 .debug_info    0x00000000      0xbfd build/debug/accelerometer.o
 .debug_info    0x00000bfd     0x185e build/debug/main.o
 .debug_info    0x0000245b      0xcc4 build/debug/stm32l4xx_hal.o
 .debug_info    0x0000311f      0xfea build/debug/stm32l4xx_hal_cortex.o
 .debug_info    0x00004109      0x789 build/debug/stm32l4xx_hal_gpio.o
 .debug_info    0x00004892     0x42d3 build/debug/stm32l4xx_hal_i2c.o
 .debug_info    0x00008b65      0x992 build/debug/stm32l4xx_hal_i2c_ex.o
 .debug_info    0x000094f7     0x11aa build/debug/stm32l4xx_hal_msp.o
 .debug_info    0x0000a6a1      0xa4c build/debug/stm32l4xx_hal_pwr_ex.o
 .debug_info    0x0000b0ed      0xe85 build/debug/stm32l4xx_hal_rcc.o
 .debug_info    0x0000bf72     0x11eb build/debug/stm32l4xx_hal_rcc_ex.o
 .debug_info    0x0000d15d     0x50f9 build/debug/stm32l4xx_hal_uart.o
 .debug_info    0x00012256      0x11d build/debug/stm32l4xx_it.o
 .debug_info    0x00012373      0x5cb build/debug/system_stm32l4xx.o
 .debug_info    0x0001293e       0x30 build/debug/startup_stm32l476xx.o

.debug_abbrev   0x00000000     0x2051
 .debug_abbrev  0x00000000      0x209 build/debug/accelerometer.o
 .debug_abbrev  0x00000209      0x3d0 build/debug/main.o
 .debug_abbrev  0x000005d9      0x268 build/debug/stm32l4xx_hal.o
 .debug_abbrev  0x00000841      0x390 build/debug/stm32l4xx_hal_cortex.o
 .debug_abbrev  0x00000bd1      0x1f9 build/debug/stm32l4xx_hal_gpio.o
 .debug_abbrev  0x00000dca      0x29a build/debug/stm32l4xx_hal_i2c.o
 .debug_abbrev  0x00001064      0x1c7 build/debug/stm32l4xx_hal_i2c_ex.o
 .debug_abbrev  0x0000122b      0x1fc build/debug/stm32l4xx_hal_msp.o
 .debug_abbrev  0x00001427      0x215 build/debug/stm32l4xx_hal_pwr_ex.o
 .debug_abbrev  0x0000163c      0x2ab build/debug/stm32l4xx_hal_rcc.o
 .debug_abbrev  0x000018e7      0x2ab build/debug/stm32l4xx_hal_rcc_ex.o
 .debug_abbrev  0x00001b92      0x301 build/debug/stm32l4xx_hal_uart.o
 .debug_abbrev  0x00001e93       0x7c build/debug/stm32l4xx_it.o
 .debug_abbrev  0x00001f0f      0x11e build/debug/system_stm32l4xx.o
 .debug_abbrev  0x0000202d       0x24 build/debug/startup_stm32l476xx.o

.debug_loclists
                0x00000000     0x9818
 .debug_loclists
                0x00000000      0x18a build/debug/accelerometer.o
 .debug_loclists
                0x0000018a       0x76 build/debug/main.o
 .debug_loclists
                0x00000200      0x14d build/debug/stm32l4xx_hal.o
 .debug_loclists
                0x0000034d      0x54d build/debug/stm32l4xx_hal_cortex.o
 .debug_loclists
                0x0000089a      0x2a1 build/debug/stm32l4xx_hal_gpio.o
 .debug_loclists
                0x00000b3b     0x3c0b build/debug/stm32l4xx_hal_i2c.o
 .debug_loclists
                0x00004746      0x129 build/debug/stm32l4xx_hal_i2c_ex.o
 .debug_loclists
                0x0000486f       0xb5 build/debug/stm32l4xx_hal_msp.o
 .debug_loclists
                0x00004924      0x70d build/debug/stm32l4xx_hal_pwr_ex.o
 .debug_loclists
                0x00005031      0x556 build/debug/stm32l4xx_hal_rcc.o
 .debug_loclists
                0x00005587     0x1380 build/debug/stm32l4xx_hal_rcc_ex.o
 .debug_loclists
                0x00006907     0x2e63 build/debug/stm32l4xx_hal_uart.o
 .debug_loclists
                0x0000976a       0xae build/debug/system_stm32l4xx.o

.debug_aranges  0x00000000      0xbc8
 .debug_aranges
                0x00000000       0x48 build/debug/accelerometer.o
 .debug_aranges
                0x00000048       0x58 build/debug/main.o
 .debug_aranges
                0x000000a0      0x130 build/debug/stm32l4xx_hal.o
 .debug_aranges
                0x000001d0       0xf0 build/debug/stm32l4xx_hal_cortex.o
 .debug_aranges
                0x000002c0       0x58 build/debug/stm32l4xx_hal_gpio.o
 .debug_aranges
                0x00000318      0x2a0 build/debug/stm32l4xx_hal_i2c.o
 .debug_aranges
                0x000005b8       0x48 build/debug/stm32l4xx_hal_i2c_ex.o
 .debug_aranges
                0x00000600       0x40 build/debug/stm32l4xx_hal_msp.o
 .debug_aranges
                0x00000640      0x160 build/debug/stm32l4xx_hal_pwr_ex.o
 .debug_aranges
                0x000007a0       0x90 build/debug/stm32l4xx_hal_rcc.o
 .debug_aranges
                0x00000830       0xc0 build/debug/stm32l4xx_hal_rcc_ex.o
 .debug_aranges
                0x000008f0      0x228 build/debug/stm32l4xx_hal_uart.o
 .debug_aranges
                0x00000b18       0x60 build/debug/stm32l4xx_it.o
 .debug_aranges
                0x00000b78       0x28 build/debug/system_stm32l4xx.o
 .debug_aranges
                0x00000ba0       0x28 build/debug/startup_stm32l476xx.o

.debug_rnglists
                0x00000000      0x914
 .debug_rnglists
                0x00000000       0x35 build/debug/accelerometer.o
 .debug_rnglists
                0x00000035       0x3f build/debug/main.o
 .debug_rnglists
                0x00000074       0xdf build/debug/stm32l4xx_hal.o
 .debug_rnglists
                0x00000153       0xaf build/debug/stm32l4xx_hal_cortex.o
 .debug_rnglists
                0x00000202       0x3f build/debug/stm32l4xx_hal_gpio.o
 .debug_rnglists
                0x00000241      0x21c build/debug/stm32l4xx_hal_i2c.o
 .debug_rnglists
                0x0000045d       0x31 build/debug/stm32l4xx_hal_i2c_ex.o
 .debug_rnglists
                0x0000048e       0x2d build/debug/stm32l4xx_hal_msp.o
 .debug_rnglists
                0x000004bb      0x109 build/debug/stm32l4xx_hal_pwr_ex.o
 .debug_rnglists
                0x000005c4       0x7c build/debug/stm32l4xx_hal_rcc.o
 .debug_rnglists
                0x00000640       0xa3 build/debug/stm32l4xx_hal_rcc_ex.o
 .debug_rnglists
                0x000006e3      0x1bb build/debug/stm32l4xx_hal_uart.o
 .debug_rnglists
                0x0000089e       0x43 build/debug/stm32l4xx_it.o
 .debug_rnglists
                0x000008e1       0x1a build/debug/system_stm32l4xx.o
 .debug_rnglists
                0x000008fb       0x19 build/debug/startup_stm32l476xx.o

.debug_line     0x00000000     0xf5f2
 .debug_line    0x00000000      0x666 build/debug/accelerometer.o
 .debug_line    0x00000666      0x69e build/debug/main.o
 .debug_line    0x00000d04      0x76f build/debug/stm32l4xx_hal.o
 .debug_line    0x00001473      0x8cd build/debug/stm32l4xx_hal_cortex.o
 .debug_line    0x00001d40      0x7cf build/debug/stm32l4xx_hal_gpio.o
 .debug_line    0x0000250f     0x4ee5 build/debug/stm32l4xx_hal_i2c.o
 .debug_line    0x000073f4      0x48d build/debug/stm32l4xx_hal_i2c_ex.o
 .debug_line    0x00007881      0x47a build/debug/stm32l4xx_hal_msp.o
 .debug_line    0x00007cfb      0xb5a build/debug/stm32l4xx_hal_pwr_ex.o
 .debug_line    0x00008855     0x107f build/debug/stm32l4xx_hal_rcc.o
 .debug_line    0x000098d4     0x1682 build/debug/stm32l4xx_hal_rcc_ex.o
 .debug_line    0x0000af56     0x418c build/debug/stm32l4xx_hal_uart.o
 .debug_line    0x0000f0e2      0x13d build/debug/stm32l4xx_it.o
 .debug_line    0x0000f21f      0x35d build/debug/system_stm32l4xx.o
 .debug_line    0x0000f57c       0x76 build/debug/startup_stm32l476xx.o

.debug_str      0x00000000     0x3e6f
 .debug_str     0x00000000     0x3e6f build/debug/accelerometer.o
                                0x809 (size before relaxing)
 .debug_str     0x00003e6f      0xeb1 build/debug/main.o
 .debug_str     0x00003e6f      0xd4c build/debug/stm32l4xx_hal.o
 .debug_str     0x00003e6f      0xc3a build/debug/stm32l4xx_hal_cortex.o
 .debug_str     0x00003e6f      0x528 build/debug/stm32l4xx_hal_gpio.o
 .debug_str     0x00003e6f      0xfc1 build/debug/stm32l4xx_hal_i2c.o
 .debug_str     0x00003e6f      0x8ce build/debug/stm32l4xx_hal_i2c_ex.o
 .debug_str     0x00003e6f      0xd7f build/debug/stm32l4xx_hal_msp.o
 .debug_str     0x00003e6f      0x837 build/debug/stm32l4xx_hal_pwr_ex.o
 .debug_str     0x00003e6f      0x884 build/debug/stm32l4xx_hal_rcc.o
 .debug_str     0x00003e6f      0xaa3 build/debug/stm32l4xx_hal_rcc_ex.o
 .debug_str     0x00003e6f      0xffc build/debug/stm32l4xx_hal_uart.o
 .debug_str     0x00003e6f      0x217 build/debug/stm32l4xx_it.o
 .debug_str     0x00003e6f      0x3c1 build/debug/system_stm32l4xx.o
 .debug_str     0x00003e6f       0x66 build/debug/startup_stm32l476xx.o

.debug_frame    0x00000000     0x1ebc
 .debug_frame   0x00000000       0xdc build/debug/accelerometer.o
 .debug_frame   0x000000dc       0xd4 build/debug/main.o
 .debug_frame   0x000001b0      0x274 build/debug/stm32l4xx_hal.o
 .debug_frame   0x00000424      0x204 build/debug/stm32l4xx_hal_cortex.o
 .debug_frame   0x00000628       0xd0 build/debug/stm32l4xx_hal_gpio.o
 .debug_frame   0x000006f8      0x974 build/debug/stm32l4xx_hal_i2c.o
 .debug_frame   0x0000106c       0x80 build/debug/stm32l4xx_hal_i2c_ex.o
 .debug_frame   0x000010ec       0xa0 build/debug/stm32l4xx_hal_msp.o
 .debug_frame   0x0000118c      0x2b8 build/debug/stm32l4xx_hal_pwr_ex.o
 .debug_frame   0x00001444      0x19c build/debug/stm32l4xx_hal_rcc.o
 .debug_frame   0x000015e0      0x204 build/debug/stm32l4xx_hal_rcc_ex.o
 .debug_frame   0x000017e4      0x600 build/debug/stm32l4xx_hal_uart.o
 .debug_frame   0x00001de4       0xa8 build/debug/stm32l4xx_it.o
 .debug_frame   0x00001e8c       0x30 build/debug/system_stm32l4xx.o

.debug_line_str
                0x00000000       0x4a
 .debug_line_str
                0x00000000       0x4a build/debug/startup_stm32l476xx.o

Cross Reference Table

Symbol                                            File
ADC1_2_IRQHandler                                 build/debug/startup_stm32l476xx.o
ADC3_IRQHandler                                   build/debug/startup_stm32l476xx.o
AHBPrescTable                                     build/debug/system_stm32l4xx.o
                                                  build/debug/stm32l4xx_hal_rcc.o
APBPrescTable                                     build/debug/system_stm32l4xx.o
                                                  build/debug/stm32l4xx_hal_rcc.o
Accelerometer_Init                                build/debug/accelerometer.o
                                                  build/debug/main.o
Accelerometer_Read                                build/debug/accelerometer.o
                                                  build/debug/main.o
BusFault_Handler                                  build/debug/stm32l4xx_it.o
CAN1_RX0_IRQHandler                               build/debug/startup_stm32l476xx.o
CAN1_RX1_IRQHandler                               build/debug/startup_stm32l476xx.o
CAN1_SCE_IRQHandler                               build/debug/startup_stm32l476xx.o
CAN1_TX_IRQHandler                                build/debug/startup_stm32l476xx.o
COMP_IRQHandler                                   build/debug/startup_stm32l476xx.o
DFSDM1_FLT0_IRQHandler                            build/debug/startup_stm32l476xx.o
DFSDM1_FLT1_IRQHandler                            build/debug/startup_stm32l476xx.o
DFSDM1_FLT2_IRQHandler                            build/debug/startup_stm32l476xx.o
DFSDM1_FLT3_IRQHandler                            build/debug/startup_stm32l476xx.o
DMA1_Channel1_IRQHandler                          build/debug/startup_stm32l476xx.o
DMA1_Channel2_IRQHandler                          build/debug/startup_stm32l476xx.o
DMA1_Channel3_IRQHandler                          build/debug/startup_stm32l476xx.o
DMA1_Channel4_IRQHandler                          build/debug/startup_stm32l476xx.o
DMA1_Channel5_IRQHandler                          build/debug/startup_stm32l476xx.o
DMA1_Channel6_IRQHandler                          build/debug/startup_stm32l476xx.o
DMA1_Channel7_IRQHandler                          build/debug/startup_stm32l476xx.o
DMA2_Channel1_IRQHandler                          build/debug/startup_stm32l476xx.o
DMA2_Channel2_IRQHandler                          build/debug/startup_stm32l476xx.o
DMA2_Channel3_IRQHandler                          build/debug/startup_stm32l476xx.o
DMA2_Channel4_IRQHandler                          build/debug/startup_stm32l476xx.o
DMA2_Channel5_IRQHandler                          build/debug/startup_stm32l476xx.o
DMA2_Channel6_IRQHandler                          build/debug/startup_stm32l476xx.o
DMA2_Channel7_IRQHandler                          build/debug/startup_stm32l476xx.o
DebugMon_Handler                                  build/debug/stm32l4xx_it.o
Default_Handler                                   build/debug/startup_stm32l476xx.o
EXTI0_IRQHandler                                  build/debug/startup_stm32l476xx.o
EXTI15_10_IRQHandler                              build/debug/startup_stm32l476xx.o
EXTI1_IRQHandler                                  build/debug/startup_stm32l476xx.o
EXTI2_IRQHandler                                  build/debug/startup_stm32l476xx.o
EXTI3_IRQHandler                                  build/debug/startup_stm32l476xx.o
EXTI4_IRQHandler                                  build/debug/startup_stm32l476xx.o
EXTI9_5_IRQHandler                                build/debug/startup_stm32l476xx.o
Error_Handler                                     build/debug/main.o
                                                  build/debug/stm32l4xx_hal_msp.o
FLASH_FlushCaches                                 build/debug/stm32l4xx_hal_flash_ex.o
                                                  build/debug/stm32l4xx_hal_flash.o
FLASH_IRQHandler                                  build/debug/startup_stm32l476xx.o
FLASH_PageErase                                   build/debug/stm32l4xx_hal_flash_ex.o
                                                  build/debug/stm32l4xx_hal_flash.o
FLASH_WaitForLastOperation                        build/debug/stm32l4xx_hal_flash.o
                                                  build/debug/stm32l4xx_hal_flash_ex.o
FMC_IRQHandler                                    build/debug/startup_stm32l476xx.o
FPU_IRQHandler                                    build/debug/startup_stm32l476xx.o
HAL_DBGMCU_DisableDBGSleepMode                    build/debug/stm32l4xx_hal.o
HAL_DBGMCU_DisableDBGStandbyMode                  build/debug/stm32l4xx_hal.o
HAL_DBGMCU_DisableDBGStopMode                     build/debug/stm32l4xx_hal.o
HAL_DBGMCU_EnableDBGSleepMode                     build/debug/stm32l4xx_hal.o
HAL_DBGMCU_EnableDBGStandbyMode                   build/debug/stm32l4xx_hal.o
HAL_DBGMCU_EnableDBGStopMode                      build/debug/stm32l4xx_hal.o
HAL_DMA_Abort                                     build/debug/stm32l4xx_hal_dma.o
                                                  build/debug/stm32l4xx_hal_uart.o
HAL_DMA_Abort_IT                                  build/debug/stm32l4xx_hal_dma.o
                                                  build/debug/stm32l4xx_hal_uart.o
                                                  build/debug/stm32l4xx_hal_i2c.o
HAL_DMA_DeInit                                    build/debug/stm32l4xx_hal_dma.o
HAL_DMA_GetError                                  build/debug/stm32l4xx_hal_dma.o
                                                  build/debug/stm32l4xx_hal_uart.o
HAL_DMA_GetState                                  build/debug/stm32l4xx_hal_dma.o
                                                  build/debug/stm32l4xx_hal_i2c.o
HAL_DMA_IRQHandler                                build/debug/stm32l4xx_hal_dma.o
HAL_DMA_Init                                      build/debug/stm32l4xx_hal_dma.o
HAL_DMA_PollForTransfer                           build/debug/stm32l4xx_hal_dma.o
HAL_DMA_RegisterCallback                          build/debug/stm32l4xx_hal_dma.o
HAL_DMA_Start                                     build/debug/stm32l4xx_hal_dma.o
HAL_DMA_Start_IT                                  build/debug/stm32l4xx_hal_dma.o
                                                  build/debug/stm32l4xx_hal_uart.o
                                                  build/debug/stm32l4xx_hal_i2c.o
HAL_DMA_UnRegisterCallback                        build/debug/stm32l4xx_hal_dma.o
HAL_DeInit                                        build/debug/stm32l4xx_hal.o
HAL_Delay                                         build/debug/stm32l4xx_hal.o
                                                  build/debug/main.o
HAL_EXTI_ClearConfigLine                          build/debug/stm32l4xx_hal_exti.o
HAL_EXTI_ClearPending                             build/debug/stm32l4xx_hal_exti.o
HAL_EXTI_GenerateSWI                              build/debug/stm32l4xx_hal_exti.o
HAL_EXTI_GetConfigLine                            build/debug/stm32l4xx_hal_exti.o
HAL_EXTI_GetHandle                                build/debug/stm32l4xx_hal_exti.o
HAL_EXTI_GetPending                               build/debug/stm32l4xx_hal_exti.o
HAL_EXTI_IRQHandler                               build/debug/stm32l4xx_hal_exti.o
HAL_EXTI_RegisterCallback                         build/debug/stm32l4xx_hal_exti.o
HAL_EXTI_SetConfigLine                            build/debug/stm32l4xx_hal_exti.o
HAL_FLASHEx_DisableRunPowerDown                   build/debug/stm32l4xx_hal_flash_ramfunc.o
HAL_FLASHEx_EnableRunPowerDown                    build/debug/stm32l4xx_hal_flash_ramfunc.o
HAL_FLASHEx_Erase                                 build/debug/stm32l4xx_hal_flash_ex.o
HAL_FLASHEx_Erase_IT                              build/debug/stm32l4xx_hal_flash_ex.o
HAL_FLASHEx_OBGetConfig                           build/debug/stm32l4xx_hal_flash_ex.o
HAL_FLASHEx_OBProgram                             build/debug/stm32l4xx_hal_flash_ex.o
HAL_FLASH_EndOfOperationCallback                  build/debug/stm32l4xx_hal_flash.o
HAL_FLASH_GetError                                build/debug/stm32l4xx_hal_flash.o
HAL_FLASH_IRQHandler                              build/debug/stm32l4xx_hal_flash.o
HAL_FLASH_Lock                                    build/debug/stm32l4xx_hal_flash.o
HAL_FLASH_OB_Launch                               build/debug/stm32l4xx_hal_flash.o
HAL_FLASH_OB_Lock                                 build/debug/stm32l4xx_hal_flash.o
HAL_FLASH_OB_Unlock                               build/debug/stm32l4xx_hal_flash.o
HAL_FLASH_OperationErrorCallback                  build/debug/stm32l4xx_hal_flash.o
HAL_FLASH_Program                                 build/debug/stm32l4xx_hal_flash.o
HAL_FLASH_Program_IT                              build/debug/stm32l4xx_hal_flash.o
HAL_FLASH_Unlock                                  build/debug/stm32l4xx_hal_flash.o
HAL_GPIO_DeInit                                   build/debug/stm32l4xx_hal_gpio.o
                                                  build/debug/stm32l4xx_hal_msp.o
HAL_GPIO_EXTI_Callback                            build/debug/stm32l4xx_hal_gpio.o
HAL_GPIO_EXTI_IRQHandler                          build/debug/stm32l4xx_hal_gpio.o
HAL_GPIO_Init                                     build/debug/stm32l4xx_hal_gpio.o
                                                  build/debug/stm32l4xx_hal_rcc_ex.o
                                                  build/debug/stm32l4xx_hal_rcc.o
                                                  build/debug/stm32l4xx_hal_msp.o
                                                  build/debug/main.o
HAL_GPIO_LockPin                                  build/debug/stm32l4xx_hal_gpio.o
HAL_GPIO_ReadPin                                  build/debug/stm32l4xx_hal_gpio.o
HAL_GPIO_TogglePin                                build/debug/stm32l4xx_hal_gpio.o
HAL_GPIO_WritePin                                 build/debug/stm32l4xx_hal_gpio.o
                                                  build/debug/main.o
HAL_GetDEVID                                      build/debug/stm32l4xx_hal.o
HAL_GetHalVersion                                 build/debug/stm32l4xx_hal.o
HAL_GetREVID                                      build/debug/stm32l4xx_hal.o
HAL_GetTick                                       build/debug/stm32l4xx_hal.o
                                                  build/debug/stm32l4xx_hal_uart_ex.o
                                                  build/debug/stm32l4xx_hal_uart.o
                                                  build/debug/stm32l4xx_hal_rcc_ex.o
                                                  build/debug/stm32l4xx_hal_rcc.o
                                                  build/debug/stm32l4xx_hal_i2c.o
                                                  build/debug/stm32l4xx_hal_flash.o
                                                  build/debug/stm32l4xx_hal_dma.o
HAL_GetTickFreq                                   build/debug/stm32l4xx_hal.o
HAL_GetTickPrio                                   build/debug/stm32l4xx_hal.o
HAL_GetUIDw0                                      build/debug/stm32l4xx_hal.o
HAL_GetUIDw1                                      build/debug/stm32l4xx_hal.o
HAL_GetUIDw2                                      build/debug/stm32l4xx_hal.o
HAL_HalfDuplex_EnableReceiver                     build/debug/stm32l4xx_hal_uart.o
HAL_HalfDuplex_EnableTransmitter                  build/debug/stm32l4xx_hal_uart.o
HAL_HalfDuplex_Init                               build/debug/stm32l4xx_hal_uart.o
HAL_I2CEx_ConfigAnalogFilter                      build/debug/stm32l4xx_hal_i2c_ex.o
                                                  build/debug/main.o
HAL_I2CEx_ConfigDigitalFilter                     build/debug/stm32l4xx_hal_i2c_ex.o
                                                  build/debug/main.o
HAL_I2CEx_DisableFastModePlus                     build/debug/stm32l4xx_hal_i2c_ex.o
HAL_I2CEx_DisableWakeUp                           build/debug/stm32l4xx_hal_i2c_ex.o
HAL_I2CEx_EnableFastModePlus                      build/debug/stm32l4xx_hal_i2c_ex.o
HAL_I2CEx_EnableWakeUp                            build/debug/stm32l4xx_hal_i2c_ex.o
HAL_I2C_AbortCpltCallback                         build/debug/stm32l4xx_hal_i2c.o
HAL_I2C_AddrCallback                              build/debug/stm32l4xx_hal_i2c.o
HAL_I2C_DeInit                                    build/debug/stm32l4xx_hal_i2c.o
HAL_I2C_DisableListen_IT                          build/debug/stm32l4xx_hal_i2c.o
HAL_I2C_ER_IRQHandler                             build/debug/stm32l4xx_hal_i2c.o
HAL_I2C_EV_IRQHandler                             build/debug/stm32l4xx_hal_i2c.o
HAL_I2C_EnableListen_IT                           build/debug/stm32l4xx_hal_i2c.o
HAL_I2C_ErrorCallback                             build/debug/stm32l4xx_hal_i2c.o
HAL_I2C_GetError                                  build/debug/stm32l4xx_hal_i2c.o
HAL_I2C_GetMode                                   build/debug/stm32l4xx_hal_i2c.o
HAL_I2C_GetState                                  build/debug/stm32l4xx_hal_i2c.o
HAL_I2C_Init                                      build/debug/stm32l4xx_hal_i2c.o
                                                  build/debug/main.o
HAL_I2C_IsDeviceReady                             build/debug/stm32l4xx_hal_i2c.o
HAL_I2C_ListenCpltCallback                        build/debug/stm32l4xx_hal_i2c.o
HAL_I2C_MasterRxCpltCallback                      build/debug/stm32l4xx_hal_i2c.o
HAL_I2C_MasterTxCpltCallback                      build/debug/stm32l4xx_hal_i2c.o
HAL_I2C_Master_Abort_IT                           build/debug/stm32l4xx_hal_i2c.o
HAL_I2C_Master_Receive                            build/debug/stm32l4xx_hal_i2c.o
HAL_I2C_Master_Receive_DMA                        build/debug/stm32l4xx_hal_i2c.o
HAL_I2C_Master_Receive_IT                         build/debug/stm32l4xx_hal_i2c.o
HAL_I2C_Master_Seq_Receive_DMA                    build/debug/stm32l4xx_hal_i2c.o
HAL_I2C_Master_Seq_Receive_IT                     build/debug/stm32l4xx_hal_i2c.o
HAL_I2C_Master_Seq_Transmit_DMA                   build/debug/stm32l4xx_hal_i2c.o
HAL_I2C_Master_Seq_Transmit_IT                    build/debug/stm32l4xx_hal_i2c.o
HAL_I2C_Master_Transmit                           build/debug/stm32l4xx_hal_i2c.o
HAL_I2C_Master_Transmit_DMA                       build/debug/stm32l4xx_hal_i2c.o
HAL_I2C_Master_Transmit_IT                        build/debug/stm32l4xx_hal_i2c.o
HAL_I2C_MemRxCpltCallback                         build/debug/stm32l4xx_hal_i2c.o
HAL_I2C_MemTxCpltCallback                         build/debug/stm32l4xx_hal_i2c.o
HAL_I2C_Mem_Read                                  build/debug/stm32l4xx_hal_i2c.o
                                                  build/debug/accelerometer.o
HAL_I2C_Mem_Read_DMA                              build/debug/stm32l4xx_hal_i2c.o
HAL_I2C_Mem_Read_IT                               build/debug/stm32l4xx_hal_i2c.o
HAL_I2C_Mem_Write                                 build/debug/stm32l4xx_hal_i2c.o
                                                  build/debug/accelerometer.o
HAL_I2C_Mem_Write_DMA                             build/debug/stm32l4xx_hal_i2c.o
HAL_I2C_Mem_Write_IT                              build/debug/stm32l4xx_hal_i2c.o
HAL_I2C_MspDeInit                                 build/debug/stm32l4xx_hal_msp.o
                                                  build/debug/stm32l4xx_hal_i2c.o
HAL_I2C_MspInit                                   build/debug/stm32l4xx_hal_msp.o
                                                  build/debug/stm32l4xx_hal_i2c.o
HAL_I2C_SlaveRxCpltCallback                       build/debug/stm32l4xx_hal_i2c.o
HAL_I2C_SlaveTxCpltCallback                       build/debug/stm32l4xx_hal_i2c.o
HAL_I2C_Slave_Receive                             build/debug/stm32l4xx_hal_i2c.o
HAL_I2C_Slave_Receive_DMA                         build/debug/stm32l4xx_hal_i2c.o
HAL_I2C_Slave_Receive_IT                          build/debug/stm32l4xx_hal_i2c.o
HAL_I2C_Slave_Seq_Receive_DMA                     build/debug/stm32l4xx_hal_i2c.o
HAL_I2C_Slave_Seq_Receive_IT                      build/debug/stm32l4xx_hal_i2c.o
HAL_I2C_Slave_Seq_Transmit_DMA                    build/debug/stm32l4xx_hal_i2c.o
HAL_I2C_Slave_Seq_Transmit_IT                     build/debug/stm32l4xx_hal_i2c.o
HAL_I2C_Slave_Transmit                            build/debug/stm32l4xx_hal_i2c.o
HAL_I2C_Slave_Transmit_DMA                        build/debug/stm32l4xx_hal_i2c.o
HAL_I2C_Slave_Transmit_IT                         build/debug/stm32l4xx_hal_i2c.o
HAL_IncTick                                       build/debug/stm32l4xx_hal.o
                                                  build/debug/stm32l4xx_it.o
HAL_Init                                          build/debug/stm32l4xx_hal.o
                                                  build/debug/main.o
HAL_InitTick                                      build/debug/stm32l4xx_hal.o
                                                  build/debug/stm32l4xx_hal_rcc.o
HAL_LIN_Init                                      build/debug/stm32l4xx_hal_uart.o
HAL_LIN_SendBreak                                 build/debug/stm32l4xx_hal_uart.o
HAL_MPU_ConfigRegion                              build/debug/stm32l4xx_hal_cortex.o
HAL_MPU_Disable                                   build/debug/stm32l4xx_hal_cortex.o
HAL_MPU_DisableRegion                             build/debug/stm32l4xx_hal_cortex.o
HAL_MPU_Enable                                    build/debug/stm32l4xx_hal_cortex.o
HAL_MPU_EnableRegion                              build/debug/stm32l4xx_hal_cortex.o
HAL_MspDeInit                                     build/debug/stm32l4xx_hal.o
HAL_MspInit                                       build/debug/stm32l4xx_hal_msp.o
                                                  build/debug/stm32l4xx_hal.o
HAL_MultiProcessorEx_AddressLength_Set            build/debug/stm32l4xx_hal_uart_ex.o
HAL_MultiProcessor_DisableMuteMode                build/debug/stm32l4xx_hal_uart.o
HAL_MultiProcessor_EnableMuteMode                 build/debug/stm32l4xx_hal_uart.o
HAL_MultiProcessor_EnterMuteMode                  build/debug/stm32l4xx_hal_uart.o
HAL_MultiProcessor_Init                           build/debug/stm32l4xx_hal_uart.o
HAL_NVIC_ClearPendingIRQ                          build/debug/stm32l4xx_hal_cortex.o
HAL_NVIC_DisableIRQ                               build/debug/stm32l4xx_hal_cortex.o
HAL_NVIC_EnableIRQ                                build/debug/stm32l4xx_hal_cortex.o
HAL_NVIC_GetActive                                build/debug/stm32l4xx_hal_cortex.o
HAL_NVIC_GetPendingIRQ                            build/debug/stm32l4xx_hal_cortex.o
HAL_NVIC_GetPriority                              build/debug/stm32l4xx_hal_cortex.o
HAL_NVIC_GetPriorityGrouping                      build/debug/stm32l4xx_hal_cortex.o
HAL_NVIC_SetPendingIRQ                            build/debug/stm32l4xx_hal_cortex.o
HAL_NVIC_SetPriority                              build/debug/stm32l4xx_hal_cortex.o
                                                  build/debug/stm32l4xx_hal.o
HAL_NVIC_SetPriorityGrouping                      build/debug/stm32l4xx_hal_cortex.o
                                                  build/debug/stm32l4xx_hal.o
HAL_NVIC_SystemReset                              build/debug/stm32l4xx_hal_cortex.o
HAL_PWREx_ConfigPVM                               build/debug/stm32l4xx_hal_pwr_ex.o
HAL_PWREx_ControlVoltageScaling                   build/debug/stm32l4xx_hal_pwr_ex.o
                                                  build/debug/main.o
HAL_PWREx_DisableBatteryCharging                  build/debug/stm32l4xx_hal_pwr_ex.o
HAL_PWREx_DisableExtSMPS_0V95                     build/debug/stm32l4xx_hal_pwr_ex.o
HAL_PWREx_DisableGPIOPullDown                     build/debug/stm32l4xx_hal_pwr_ex.o
HAL_PWREx_DisableGPIOPullUp                       build/debug/stm32l4xx_hal_pwr_ex.o
HAL_PWREx_DisableInternalWakeUpLine               build/debug/stm32l4xx_hal_pwr_ex.o
HAL_PWREx_DisableLowPowerRunMode                  build/debug/stm32l4xx_hal_pwr_ex.o
                                                  build/debug/stm32l4xx_hal_pwr.o
HAL_PWREx_DisablePVM1                             build/debug/stm32l4xx_hal_pwr_ex.o
HAL_PWREx_DisablePVM2                             build/debug/stm32l4xx_hal_pwr_ex.o
HAL_PWREx_DisablePVM3                             build/debug/stm32l4xx_hal_pwr_ex.o
HAL_PWREx_DisablePVM4                             build/debug/stm32l4xx_hal_pwr_ex.o
HAL_PWREx_DisablePullUpPullDownConfig             build/debug/stm32l4xx_hal_pwr_ex.o
HAL_PWREx_DisableSRAM2ContentRetention            build/debug/stm32l4xx_hal_pwr_ex.o
HAL_PWREx_DisableVddIO2                           build/debug/stm32l4xx_hal_pwr_ex.o
HAL_PWREx_DisableVddUSB                           build/debug/stm32l4xx_hal_pwr_ex.o
HAL_PWREx_EnableBatteryCharging                   build/debug/stm32l4xx_hal_pwr_ex.o
HAL_PWREx_EnableExtSMPS_0V95                      build/debug/stm32l4xx_hal_pwr_ex.o
HAL_PWREx_EnableGPIOPullDown                      build/debug/stm32l4xx_hal_pwr_ex.o
HAL_PWREx_EnableGPIOPullUp                        build/debug/stm32l4xx_hal_pwr_ex.o
HAL_PWREx_EnableInternalWakeUpLine                build/debug/stm32l4xx_hal_pwr_ex.o
HAL_PWREx_EnableLowPowerRunMode                   build/debug/stm32l4xx_hal_pwr_ex.o
                                                  build/debug/stm32l4xx_hal_pwr.o
HAL_PWREx_EnablePVM1                              build/debug/stm32l4xx_hal_pwr_ex.o
HAL_PWREx_EnablePVM2                              build/debug/stm32l4xx_hal_pwr_ex.o
HAL_PWREx_EnablePVM3                              build/debug/stm32l4xx_hal_pwr_ex.o
HAL_PWREx_EnablePVM4                              build/debug/stm32l4xx_hal_pwr_ex.o
HAL_PWREx_EnablePullUpPullDownConfig              build/debug/stm32l4xx_hal_pwr_ex.o
HAL_PWREx_EnableSRAM2ContentRetention             build/debug/stm32l4xx_hal_pwr_ex.o
HAL_PWREx_EnableVddIO2                            build/debug/stm32l4xx_hal_pwr_ex.o
HAL_PWREx_EnableVddUSB                            build/debug/stm32l4xx_hal_pwr_ex.o
HAL_PWREx_EnterSHUTDOWNMode                       build/debug/stm32l4xx_hal_pwr_ex.o
HAL_PWREx_EnterSTOP0Mode                          build/debug/stm32l4xx_hal_pwr_ex.o
                                                  build/debug/stm32l4xx_hal_pwr.o
HAL_PWREx_EnterSTOP1Mode                          build/debug/stm32l4xx_hal_pwr_ex.o
                                                  build/debug/stm32l4xx_hal_pwr.o
HAL_PWREx_EnterSTOP2Mode                          build/debug/stm32l4xx_hal_pwr_ex.o
HAL_PWREx_GetVoltageRange                         build/debug/stm32l4xx_hal_pwr_ex.o
                                                  build/debug/stm32l4xx_hal_rcc.o
HAL_PWREx_PVD_PVM_IRQHandler                      build/debug/stm32l4xx_hal_pwr_ex.o
HAL_PWREx_PVM1Callback                            build/debug/stm32l4xx_hal_pwr_ex.o
HAL_PWREx_PVM2Callback                            build/debug/stm32l4xx_hal_pwr_ex.o
HAL_PWREx_PVM3Callback                            build/debug/stm32l4xx_hal_pwr_ex.o
HAL_PWREx_PVM4Callback                            build/debug/stm32l4xx_hal_pwr_ex.o
HAL_PWREx_SetSRAM2ContentRetention                build/debug/stm32l4xx_hal_pwr_ex.o
HAL_PWR_ConfigPVD                                 build/debug/stm32l4xx_hal_pwr.o
HAL_PWR_DeInit                                    build/debug/stm32l4xx_hal_pwr.o
HAL_PWR_DisableBkUpAccess                         build/debug/stm32l4xx_hal_pwr.o
                                                  build/debug/stm32l4xx_hal_rcc_ex.o
HAL_PWR_DisablePVD                                build/debug/stm32l4xx_hal_pwr.o
HAL_PWR_DisableSEVOnPend                          build/debug/stm32l4xx_hal_pwr.o
HAL_PWR_DisableSleepOnExit                        build/debug/stm32l4xx_hal_pwr.o
HAL_PWR_DisableWakeUpPin                          build/debug/stm32l4xx_hal_pwr.o
HAL_PWR_EnableBkUpAccess                          build/debug/stm32l4xx_hal_pwr.o
                                                  build/debug/stm32l4xx_hal_rcc_ex.o
HAL_PWR_EnablePVD                                 build/debug/stm32l4xx_hal_pwr.o
HAL_PWR_EnableSEVOnPend                           build/debug/stm32l4xx_hal_pwr.o
HAL_PWR_EnableSleepOnExit                         build/debug/stm32l4xx_hal_pwr.o
HAL_PWR_EnableWakeUpPin                           build/debug/stm32l4xx_hal_pwr.o
HAL_PWR_EnterSLEEPMode                            build/debug/stm32l4xx_hal_pwr.o
HAL_PWR_EnterSTANDBYMode                          build/debug/stm32l4xx_hal_pwr.o
HAL_PWR_EnterSTOPMode                             build/debug/stm32l4xx_hal_pwr.o
HAL_PWR_PVDCallback                               build/debug/stm32l4xx_hal_pwr.o
                                                  build/debug/stm32l4xx_hal_pwr_ex.o
HAL_RCCEx_DisableLSCO                             build/debug/stm32l4xx_hal_rcc_ex.o
HAL_RCCEx_DisableLSECSS                           build/debug/stm32l4xx_hal_rcc_ex.o
HAL_RCCEx_DisableMSIPLLMode                       build/debug/stm32l4xx_hal_rcc_ex.o
HAL_RCCEx_DisablePLLSAI1                          build/debug/stm32l4xx_hal_rcc_ex.o
HAL_RCCEx_DisablePLLSAI2                          build/debug/stm32l4xx_hal_rcc_ex.o
HAL_RCCEx_EnableLSCO                              build/debug/stm32l4xx_hal_rcc_ex.o
HAL_RCCEx_EnableLSECSS                            build/debug/stm32l4xx_hal_rcc_ex.o
HAL_RCCEx_EnableLSECSS_IT                         build/debug/stm32l4xx_hal_rcc_ex.o
HAL_RCCEx_EnableMSIPLLMode                        build/debug/stm32l4xx_hal_rcc_ex.o
HAL_RCCEx_EnablePLLSAI1                           build/debug/stm32l4xx_hal_rcc_ex.o
HAL_RCCEx_EnablePLLSAI2                           build/debug/stm32l4xx_hal_rcc_ex.o
HAL_RCCEx_GetPeriphCLKConfig                      build/debug/stm32l4xx_hal_rcc_ex.o
HAL_RCCEx_GetPeriphCLKFreq                        build/debug/stm32l4xx_hal_rcc_ex.o
HAL_RCCEx_LSECSS_Callback                         build/debug/stm32l4xx_hal_rcc_ex.o
HAL_RCCEx_LSECSS_IRQHandler                       build/debug/stm32l4xx_hal_rcc_ex.o
HAL_RCCEx_PeriphCLKConfig                         build/debug/stm32l4xx_hal_rcc_ex.o
                                                  build/debug/stm32l4xx_hal_msp.o
HAL_RCCEx_StandbyMSIRangeConfig                   build/debug/stm32l4xx_hal_rcc_ex.o
HAL_RCCEx_WakeUpStopCLKConfig                     build/debug/stm32l4xx_hal_rcc_ex.o
HAL_RCC_CSSCallback                               build/debug/stm32l4xx_hal_rcc.o
HAL_RCC_ClockConfig                               build/debug/stm32l4xx_hal_rcc.o
                                                  build/debug/main.o
HAL_RCC_DeInit                                    build/debug/stm32l4xx_hal_rcc.o
HAL_RCC_EnableCSS                                 build/debug/stm32l4xx_hal_rcc.o
HAL_RCC_GetClockConfig                            build/debug/stm32l4xx_hal_rcc.o
HAL_RCC_GetHCLKFreq                               build/debug/stm32l4xx_hal_rcc.o
HAL_RCC_GetOscConfig                              build/debug/stm32l4xx_hal_rcc.o
HAL_RCC_GetPCLK1Freq                              build/debug/stm32l4xx_hal_rcc.o
                                                  build/debug/stm32l4xx_hal_uart.o
                                                  build/debug/stm32l4xx_hal_rcc_ex.o
HAL_RCC_GetPCLK2Freq                              build/debug/stm32l4xx_hal_rcc.o
                                                  build/debug/stm32l4xx_hal_uart.o
                                                  build/debug/stm32l4xx_hal_rcc_ex.o
HAL_RCC_GetResetSource                            build/debug/stm32l4xx_hal_rcc.o
HAL_RCC_GetSysClockFreq                           build/debug/stm32l4xx_hal_rcc.o
                                                  build/debug/stm32l4xx_hal_uart.o
                                                  build/debug/stm32l4xx_hal_rcc_ex.o
HAL_RCC_MCOConfig                                 build/debug/stm32l4xx_hal_rcc.o
HAL_RCC_NMI_IRQHandler                            build/debug/stm32l4xx_hal_rcc.o
HAL_RCC_OscConfig                                 build/debug/stm32l4xx_hal_rcc.o
                                                  build/debug/main.o
HAL_RS485Ex_Init                                  build/debug/stm32l4xx_hal_uart_ex.o
HAL_ResumeTick                                    build/debug/stm32l4xx_hal.o
HAL_SYSCFG_DisableIOAnalogSwitchBooster           build/debug/stm32l4xx_hal.o
HAL_SYSCFG_DisableMemorySwappingBank              build/debug/stm32l4xx_hal.o
HAL_SYSCFG_DisableVREFBUF                         build/debug/stm32l4xx_hal.o
HAL_SYSCFG_EnableIOAnalogSwitchBooster            build/debug/stm32l4xx_hal.o
HAL_SYSCFG_EnableMemorySwappingBank               build/debug/stm32l4xx_hal.o
HAL_SYSCFG_EnableVREFBUF                          build/debug/stm32l4xx_hal.o
HAL_SYSCFG_SRAM2Erase                             build/debug/stm32l4xx_hal.o
HAL_SYSCFG_VREFBUF_HighImpedanceConfig            build/debug/stm32l4xx_hal.o
HAL_SYSCFG_VREFBUF_TrimmingConfig                 build/debug/stm32l4xx_hal.o
HAL_SYSCFG_VREFBUF_VoltageScalingConfig           build/debug/stm32l4xx_hal.o
HAL_SYSTICK_CLKSourceConfig                       build/debug/stm32l4xx_hal_cortex.o
HAL_SYSTICK_Callback                              build/debug/stm32l4xx_hal_cortex.o
HAL_SYSTICK_Config                                build/debug/stm32l4xx_hal_cortex.o
                                                  build/debug/stm32l4xx_hal.o
HAL_SYSTICK_IRQHandler                            build/debug/stm32l4xx_hal_cortex.o
HAL_SetTickFreq                                   build/debug/stm32l4xx_hal.o
HAL_SuspendTick                                   build/debug/stm32l4xx_hal.o
HAL_UARTEx_DisableClockStopMode                   build/debug/stm32l4xx_hal_uart_ex.o
HAL_UARTEx_DisableStopMode                        build/debug/stm32l4xx_hal_uart_ex.o
HAL_UARTEx_EnableClockStopMode                    build/debug/stm32l4xx_hal_uart_ex.o
HAL_UARTEx_EnableStopMode                         build/debug/stm32l4xx_hal_uart_ex.o
HAL_UARTEx_GetRxEventType                         build/debug/stm32l4xx_hal_uart_ex.o
HAL_UARTEx_ReceiveToIdle                          build/debug/stm32l4xx_hal_uart_ex.o
HAL_UARTEx_ReceiveToIdle_DMA                      build/debug/stm32l4xx_hal_uart_ex.o
HAL_UARTEx_ReceiveToIdle_IT                       build/debug/stm32l4xx_hal_uart_ex.o
HAL_UARTEx_RxEventCallback                        build/debug/stm32l4xx_hal_uart.o
HAL_UARTEx_StopModeWakeUpSourceConfig             build/debug/stm32l4xx_hal_uart_ex.o
HAL_UARTEx_WakeupCallback                         build/debug/stm32l4xx_hal_uart_ex.o
                                                  build/debug/stm32l4xx_hal_uart.o
HAL_UART_Abort                                    build/debug/stm32l4xx_hal_uart.o
HAL_UART_AbortCpltCallback                        build/debug/stm32l4xx_hal_uart.o
HAL_UART_AbortReceive                             build/debug/stm32l4xx_hal_uart.o
HAL_UART_AbortReceiveCpltCallback                 build/debug/stm32l4xx_hal_uart.o
HAL_UART_AbortReceive_IT                          build/debug/stm32l4xx_hal_uart.o
HAL_UART_AbortTransmit                            build/debug/stm32l4xx_hal_uart.o
HAL_UART_AbortTransmitCpltCallback                build/debug/stm32l4xx_hal_uart.o
HAL_UART_AbortTransmit_IT                         build/debug/stm32l4xx_hal_uart.o
HAL_UART_Abort_IT                                 build/debug/stm32l4xx_hal_uart.o
HAL_UART_DMAPause                                 build/debug/stm32l4xx_hal_uart.o
HAL_UART_DMAResume                                build/debug/stm32l4xx_hal_uart.o
HAL_UART_DMAStop                                  build/debug/stm32l4xx_hal_uart.o
HAL_UART_DeInit                                   build/debug/stm32l4xx_hal_uart.o
HAL_UART_DisableReceiverTimeout                   build/debug/stm32l4xx_hal_uart.o
HAL_UART_EnableReceiverTimeout                    build/debug/stm32l4xx_hal_uart.o
HAL_UART_ErrorCallback                            build/debug/stm32l4xx_hal_uart.o
HAL_UART_GetError                                 build/debug/stm32l4xx_hal_uart.o
HAL_UART_GetState                                 build/debug/stm32l4xx_hal_uart.o
HAL_UART_IRQHandler                               build/debug/stm32l4xx_hal_uart.o
HAL_UART_Init                                     build/debug/stm32l4xx_hal_uart.o
                                                  build/debug/main.o
HAL_UART_MspDeInit                                build/debug/stm32l4xx_hal_msp.o
HAL_UART_MspInit                                  build/debug/stm32l4xx_hal_msp.o
                                                  build/debug/stm32l4xx_hal_uart_ex.o
HAL_UART_Receive                                  build/debug/stm32l4xx_hal_uart.o
HAL_UART_Receive_DMA                              build/debug/stm32l4xx_hal_uart.o
HAL_UART_Receive_IT                               build/debug/stm32l4xx_hal_uart.o
HAL_UART_ReceiverTimeout_Config                   build/debug/stm32l4xx_hal_uart.o
HAL_UART_RxCpltCallback                           build/debug/stm32l4xx_hal_uart.o